esptool v5.0.0
Serial port /dev/cu.usbserial-5B1E0643571:
Connecting......
Detecting chip type... ESP32
Connected to ESP32 on /dev/cu.usbserial-5B1E0643571:
Chip type:          ESP32-PICO-V3-02 (revision v3.1)
Features:           Wi-Fi, BT, Dual Core + LP Core, 240MHz, Embedded Flash, Embedded PSRAM, Vref calibration in eFuse, Coding Scheme None
Crystal frequency:  40MHz
MAC:                14:33:5c:99:1a:28

Uploading stub flasher...
Running stub flasher...
Stub flasher running.

Configuring flash size...
Flash will be erased from 0x00010000 to 0x00057fff...
Compressed 291152 bytes to 146009...
Writing at 0x00010000 [                              ]   0.0% 0/146009 bytes... 
Writing at 0x0001f5c1 [==>                           ]  11.2% 16384/146009 bytes... 
Writing at 0x000284df [=====>                        ]  22.4% 32768/146009 bytes... 
Writing at 0x0002e368 [=========>                    ]  33.7% 49152/146009 bytes... 
Writing at 0x00033db0 [============>                 ]  44.9% 65536/146009 bytes... 
Writing at 0x0003acd8 [===============>              ]  56.1% 81920/146009 bytes... 
Writing at 0x00040abf [===================>          ]  67.3% 98304/146009 bytes... 
Writing at 0x0004a27e [======================>       ]  78.5% 114688/146009 bytes... 
Writing at 0x00051422 [=========================>    ]  89.8% 131072/146009 bytes... 
Writing at 0x00057150 [==============================] 100.0% 146009/146009 bytes... 
Wrote 291152 bytes (146009 compressed) at 0x00010000 in 14.4 seconds (162.0 kbit/s).
Hash of data verified.

Staying in flasher stub.
