esptool v5.0.0
Serial port /dev/cu.usbserial-5B1E0643571:
Connecting.....
Detecting chip type... ESP32
Connected to ESP32 on /dev/cu.usbserial-5B1E0643571:
Chip type:          ESP32-PICO-V3-02 (revision v3.1)
Features:           Wi-Fi, BT, Dual Core + LP Core, 240MHz, Embedded Flash, Embedded PSRAM, Vref calibration in eFuse, Coding Scheme None
Crystal frequency:  40MHz
MAC:                14:33:5c:99:1a:28

Uploading stub flasher...
Running stub flasher...
Stub flasher running.

Configuring flash size...
Flash will be erased from 0x00001000 to 0x00007fff...
Flash will be erased from 0x00008000 to 0x00008fff...
Flash will be erased from 0x00010000 to 0x0004ffff...
SHA digest in image updated.
Compressed 26240 bytes to 16490...
Writing at 0x00001000 [                              ]   0.0% 0/16490 bytes... 
Writing at 0x000075f7 [============================> ]  99.4% 16384/16490 bytes... 
Writing at 0x00007680 [==============================] 100.0% 16490/16490 bytes... 
Wrote 26240 bytes (16490 compressed) at 0x00001000 in 1.9 seconds (107.7 kbit/s).
Hash of data verified.
Compressed 3072 bytes to 103...
Writing at 0x00008000 [                              ]   0.0% 0/103 bytes... 
Writing at 0x00008c00 [==============================] 100.0% 103/103 bytes... 
Wrote 3072 bytes (103 compressed) at 0x00008000 in 0.1 seconds (454.6 kbit/s).
Hash of data verified.
Compressed 258848 bytes to 132259...
Writing at 0x00010000 [                              ]   0.0% 0/132259 bytes... 
Writing at 0x0001edc7 [==>                           ]  12.4% 16384/132259 bytes... 
Writing at 0x00027b14 [======>                       ]  24.8% 32768/132259 bytes... 
Writing at 0x0002d640 [==========>                   ]  37.2% 49152/132259 bytes... 
Writing at 0x0003349a [=============>                ]  49.6% 65536/132259 bytes... 
Writing at 0x0003a40c [=================>            ]  61.9% 81920/132259 bytes... 
Writing at 0x00040118 [=====================>        ]  74.3% 98304/132259 bytes... 
Writing at 0x0004878d [=========================>    ]  86.7% 114688/132259 bytes... 
Writing at 0x0004eaf7 [============================> ]  99.1% 131072/132259 bytes... 
Writing at 0x0004f320 [==============================] 100.0% 132259/132259 bytes... 
Wrote 258848 bytes (132259 compressed) at 0x00010000 in 13.0 seconds (159.3 kbit/s).
Hash of data verified.

Staying in flasher stub.
