esptool v5.0.0
Serial port /dev/cu.usbserial-5B1E0643571:
Connecting....
Detecting chip type... ESP32
Connected to ESP32 on /dev/cu.usbserial-5B1E0643571:
Chip type:          ESP32-PICO-V3-02 (revision v3.1)
Features:           Wi-Fi, BT, Dual Core + LP Core, 240MHz, Embedded Flash, Embedded PSRAM, Vref calibration in eFuse, Coding Scheme None
Crystal frequency:  40MHz
MAC:                14:33:5c:99:1a:28

Uploading stub flasher...
Running stub flasher...
Stub flasher running.

Configuring flash size...
Flash will be erased from 0x00010000 to 0x0004ffff...
Compressed 258848 bytes to 132262...
Writing at 0x00010000 [                              ]   0.0% 0/132262 bytes... 
Writing at 0x0001edc2 [==>                           ]  12.4% 16384/132262 bytes... 
Writing at 0x00027b11 [======>                       ]  24.8% 32768/132262 bytes... 
Writing at 0x0002d63b [==========>                   ]  37.2% 49152/132262 bytes... 
Writing at 0x0003349a [=============>                ]  49.6% 65536/132262 bytes... 
Writing at 0x0003a3fd [=================>            ]  61.9% 81920/132262 bytes... 
Writing at 0x00040117 [=====================>        ]  74.3% 98304/132262 bytes... 
Writing at 0x0004878a [=========================>    ]  86.7% 114688/132262 bytes... 
Writing at 0x0004eaf2 [============================> ]  99.1% 131072/132262 bytes... 
Writing at 0x0004f320 [==============================] 100.0% 132262/132262 bytes... 
Wrote 258848 bytes (132262 compressed) at 0x00010000 in 13.0 seconds (159.2 kbit/s).
Hash of data verified.

Staying in flasher stub.
