ets Jul 29 2019 12:21:46

rst:0x1 (POWERON_RESET),boot:0x13 (SPI_FAST_FLASH_BOOT)
configsip: 271414342, SPIWP:0xee
clk_drv:0x00,q_drv:0x00,d_drv:0x00,cs0_drv:0x00,hd_drv:0x00,wp_drv:0x00
mode:DIO, clock div:2
load:0x3fff0030,len:6380
ho 0 tail 12 room 4
load:0x40078000,len:15916
load:0x40080400,len:3860
entry 0x40080638
I (30) boot: ESP-IDF 8c750b08 2nd stage bootloader
I (30) boot: compile time Sep 27 2026 16:17:03
I (30) boot: Multicore bootloader
I (31) boot: chip revision: v3.1
I (34) boot.esp32: SPI Speed      : 40MHz
I (38) boot.esp32: SPI Mode       : DIO
I (42) boot.esp32: SPI Flash Size : 8MB
I (45) boot: Enabling RNG early entropy source...
I (50) boot: Partition Table:
I (52) boot: ## Label            Usage          Type ST Offset   Length
I (59) boot:  0 nvs              WiFi data        01 02 00009000 00006000
I (65) boot:  1 phy_init         RF data          01 01 0000f000 00001000
I (72) boot:  2 factory          factory app      00 00 00010000 00300000
I (78) boot: End of partition table
I (81) esp_image: segment 0: paddr=00010020 vaddr=3f400020 size=363ach (222124) map
I (165) esp_image: segment 1: paddr=000463d4 vaddr=3ff80000 size=00020h (    32) load
I (165) esp_image: segment 2: paddr=000463fc vaddr=3ffbdb60 size=04each ( 20140) load
I (176) esp_image: segment 3: paddr=0004b2b0 vaddr=40080000 size=04d68h ( 19816) load
I (184) esp_image: segment 4: paddr=00050020 vaddr=400d0020 size=c83f4h (820212) map
I (465) esp_image: segment 5: paddr=0011841c vaddr=40084d68 size=1a0ech (106732) load
I (521) boot: Loaded app from partition at offset 0x10000
I (521) boot: Disabling RNG early entropy source...
I (532) quad_psram: This chip is ESP32-PICO-V3-02
I (533) esp_psram: Found 2MB PSRAM device
I (534) esp_psram: Speed: 40MHz
I (534) esp_psram: PSRAM initialized, cache is in low/high (2-core) mode.
I (540) cpu_start: Multicore app
I (1006) esp_psram: SPI SRAM memory test OK
I (1014) cpu_start: Pro cpu start user code
I (1014) cpu_start: cpu freq: 240000000 Hz
I (1014) app_init: Application information:
I (1014) app_init: Project name:     mark6_feather_player_bench
I (1020) app_init: App version:      c3c471b-dirty
I (1024) app_init: Compile time:     Sep 27 2026 16:16:45
I (1029) app_init: ELF file SHA256:  7860edde0...
I (1034) app_init: ESP-IDF:          8c750b08
I (1038) efuse_init: Min chip rev:     v0.0
I (1042) efuse_init: Max chip rev:     v3.99 
I (1046) efuse_init: Chip rev:         v3.1
I (1050) heap_init: Initializing. RAM available for dynamic allocation:
I (1056) heap_init: At 3FFAFF10 len 000000F0 (0 KiB): DRAM
I (1061) heap_init: At 3FFB6388 len 00001C78 (7 KiB): DRAM
I (1066) heap_init: At 3FFB9A20 len 00004108 (16 KiB): DRAM
I (1072) heap_init: At 3FFCCFB8 len 00013048 (76 KiB): DRAM
I (1077) heap_init: At 3FFE0440 len 00003AE0 (14 KiB): D/IRAM
I (1082) heap_init: At 3FFE4350 len 0001BCB0 (111 KiB): D/IRAM
I (1088) heap_init: At 4009EE54 len 000011AC (4 KiB): IRAM
I (1094) esp_psram: Adding pool of 2048K of PSRAM memory to heap allocator
I (1101) spi_flash: detected chip: generic
I (1104) spi_flash: flash io: dio
I (1108) coexist: coex firmware version: 831ec70
I (1112) main_task: Started on CPU0
I (1114) esp_psram: Reserving pool of 32K of internal memory for DMA/internal allocations
I (1122) main_task: Calling app_main()
I (1376) LCD_BENCH: Identity and capacities matched; LCD/SD control outputs enabled
I (1376) BT_AV: MARK6_FEATHER_ALBUM target=SoundCore 2 playlist=HARMONY/ALBUM.M3U
I (1379) SD_BENCH: READ_ONLY mount: SCK=14 MOSI=27 MISO=21 CS=25, shared SPI2 4MHz
I (1429) SD_BENCH: CARD_RESET_DONE before initialization
I (1429) sdspi_transaction: cmd=52, R1 response: command not supported
I (1471) sdspi_transaction: cmd=5, R1 response: command not supported
Name: SD
Type: SDHC
Speed: 4.00 MHz (limit: 4.00 MHz)
Size: 14910MB
CSD: ver=2, sector_size=512, capacity=30535680 read_bl_len=9
SSR: bus_width=1
I (1567) ALBUM: TRACK index=1/45 file=/sd/HARMONY/Creed/Human Clay/01-01 Are You Ready.mp3 generation=1
I (2854) DISPLAY: ST7796S SPI2 4MHz 320x480; write completed, visual check required
W (2857) i2c.master: Please check pull-up resistances whether be connected properly. Otherwise unexpected behavior would happen. For more detailed information, please read docs
I (2905) ANO: RAW_POSITION=0
I (2908) BTDM_INIT: BT controller compile version [b992c7d]
I (2911) BTDM_INIT: Bluetooth MAC: 14:33:5c:99:1a:2a
I (2913) phy_init: phy_version 4860,6b7a6e5,Feb  6 2025,14:47:07
W (2917) phy_init: failed to load RF calibration data (0xffffffff), falling back to full calibration
I (3000) phy_init: Saving new calibration data due to checksum failure or outdated calibration data, mode(2)
I (3467) BT_AV: Own address:[14:33:5c:99:1a:2a]
I (3471) BT_AV: Starting device discovery...
E (3472) RC_CT: Invalid AVRC event: 10
W (3478) BT_BTC: A2DP Enable with AVRC
W (3480) BT_AVRC: For AVRCP Target Cateory 1 and 3, SDP record shall contain additional protocol list
I (3492) BT_AV: bt_app_av_sm_hdlr state: 1, event: 0x4
I (3496) BT_AV: event: 10
I (3499) BT_AV: event: 10
I (3501) BT_AV: event: 10
I (3501) BT_AV: event: 10
I (3503) BT_AV: ESP_BT_GAP_GET_DEV_NAME_CMPL_EVT device name: Harmony Mark-6
I (3507) BT_AV: Discovery started.
I (3510) main_task: Returned from app_main()
I (3826) BT_AV: Scanned device: f4:2b:7d:5a:35:43
I (3827) BT_AV: --Class of Device: 0x240404
I (3827) BT_AV: --RSSI: -49
I (3827) BT_AV: --Name: SoundCore 2
I (3829) BT_AV: Found a target device, address f4:2b:7d:5a:35:43, name SoundCore 2
I (3837) BT_AV: Cancel device discovery ...
I (3844) BT_AV: Device discovery stopped.
I (3844) BT_AV: a2dp connecting to peer: SoundCore 2
W (3850) BT_APPL: reset flags
I (3857) BT_AV: bt_app_av_sm_hdlr state: 4, event: 0x0
W (5805) BT_HCI: hcif conn complete: hdl 0x80, st 0x0
I (5808) BT_AV: event: 16
I (6676) BT_AV: authentication success: SoundCore 2
I (6677) BT_AV: f4 2b 7d 5a 35 43
I (6678) BT_AV: event: 21
I (6739) BT_AV: bt_app_av_sm_hdlr state: 4, event: 0x2
W (6769) BT_APPL: new conn_srvc id:18, app_id:0
I (6771) BT_AV: bt_app_av_sm_hdlr state: 4, event: 0x0
I (6844) RC_CT: AVRC conn_state event: state 1, [f4:2b:7d:5a:35:43]
I (6845) RC_CT: AVRC remote features 24b, TG features 2
I (6852) RC_CT: remote rn_cap: count 2, bitmask 0x2040
I (11796) RC_CT: AVRC event notification: 13
I (11796) RC_CT: Volume changed: 112
I (13314) DISPLAY: UPDATE state=CONNECTING max_draw_us=578771 stack_free_min=4280
I (13472) BT_AV: BENCH frames=0 heap=2011432 min_heap=2005136
I (13472) ALBUM: PLAYBACK track=1/45 frames=0 total=0 queued=131072 underrun=0 contention=0 max_decode_us=57534 done=0 failed=0 paused=0 connected=0
I (13479) BT_AV: STACK_FREE_MIN app=3888 timer=1292
I (13484) BT_AV: bt_app_av_sm_hdlr state: 5, event: 0xff00
I (13489) BT_AV: a2dp media ready checking ...
I (13493) BT_AV: bt_app_av_sm_hdlr state: 5, event: 0x3
I (13498) BT_AV: a2dp media ready, starting ...
W (13505) BT_APPL: new conn_srvc id:18, app_id:1
I (13518) BT_LOG: bta_av_link_role_ok hndl:x41 role:0 conn_audio:x1 bits:1 features:x864b

I (13520) BT_AV: bt_app_av_sm_hdlr state: 5, event: 0x3
I (13522) BT_AV: a2dp media start successfully.
I (13526) BT_AV: bt_app_av_sm_hdlr state: 5, event: 0x1
I (23472) BT_AV: BENCH frames=437760 heap=2011432 min_heap=2001200
I (23473) ALBUM: PLAYBACK track=1/45 frames=435968 total=435968 queued=131072 underrun=0 contention=7168 max_decode_us=57534 done=0 failed=0 paused=0 connected=1
I (23481) BT_AV: STACK_FREE_MIN app=3824 timer=1292
I (23486) BT_AV: bt_app_av_sm_hdlr state: 5, event: 0xff00
I (23741) DISPLAY: UPDATE state=PLAYING max_draw_us=578771 stack_free_min=3928
I (24996) ANO: SELECT pressed
I (25203) ANO: SELECT released
I (26643) ANO: SELECT pressed
I (26797) ANO: SELECT released
I (28986) ANO: RAW_POSITION=-1
I (30366) ANO: RAW_POSITION=-2
I (30426) ANO: RAW_POSITION=-3
I (30487) ANO: RAW_POSITION=-4
I (30576) ANO: RAW_POSITION=-5
I (30636) ANO: RAW_POSITION=-6
I (30696) ANO: RAW_POSITION=-7
I (30758) ANO: RAW_POSITION=-8
I (30847) ANO: RAW_POSITION=-9
I (30966) ANO: RAW_POSITION=-10
I (31027) ANO: RAW_POSITION=-11
I (31086) ANO: RAW_POSITION=-12
I (32887) ANO: DOWN pressed
I (33036) ANO: DOWN released
I (33157) ANO: DOWN pressed
I (33306) ANO: DOWN released
I (33430) ANO: DOWN pressed
I (33472) BT_AV: BENCH frames=878720 heap=2007076 min_heap=2001200
I (33473) ALBUM: PLAYBACK track=1/45 frames=803072 total=803072 queued=129024 underrun=0 contention=11776 max_decode_us=57534 done=0 failed=0 paused=0 connected=1
I (33482) BT_AV: STACK_FREE_MIN app=3824 timer=1292
I (33486) BT_AV: bt_app_av_sm_hdlr state: 5, event: 0xff00
I (33546) ANO: DOWN released
I (33696) ANO: DOWN pressed
I (33786) ANO: DOWN released
I (33936) ANO: DOWN pressed
I (34057) ANO: DOWN released
I (34426) DISPLAY: UPDATE state=PLAYING max_draw_us=578771 stack_free_min=3928
I (34597) ANO: DOWN pressed
I (34746) ANO: DOWN released
I (35556) ANO: UP pressed
I (35677) ANO: UP released
I (35797) ANO: UP pressed
I (35916) ANO: UP released
I (36008) ANO: UP pressed
I (36127) ANO: UP released
I (40688) ANO: RAW_POSITION=-13
I (40806) ANO: RAW_POSITION=-14
I (40927) ANO: RAW_POSITION=-15
I (41016) ANO: RAW_POSITION=-16
I (41106) ANO: RAW_POSITION=-17
I (41137) ANO: RAW_POSITION=-18
I (41287) ANO: RAW_POSITION=-19
I (41616) ANO: RAW_POSITION=-20
I (41796) ANO: RAW_POSITION=-21
I (41857) ANO: RAW_POSITION=-20
I (41887) ANO: RAW_POSITION=-19
I (42247) ANO: RAW_POSITION=-18
I (42487) ANO: RAW_POSITION=-17
I (42606) ANO: RAW_POSITION=-16
I (42696) ANO: RAW_POSITION=-15
I (43472) BT_AV: BENCH frames=1320192 heap=2011432 min_heap=2001200
I (43473) ALBUM: PLAYBACK track=1/45 frames=1243264 total=1243264 queued=131072 underrun=0 contention=16384 max_decode_us=98240 done=0 failed=0 paused=0 connected=1
I (43482) BT_AV: STACK_FREE_MIN app=3824 timer=1292
I (43487) BT_AV: bt_app_av_sm_hdlr state: 5, event: 0xff00
I (43716) ANO: SELECT pressed
I (43812) ALBUM: TRACK index=7/45 file=/sd/HARMONY/Creed/Human Clay/01-08 With Arms Wide Open.mp3 generation=2
I (43865) ANO: SELECT released
I (45521) DISPLAY: UPDATE state=PLAYING max_draw_us=578771 stack_free_min=3928
I (46896) ANO: RAW_POSITION=-14
I (46957) ANO: RAW_POSITION=-13
I (47017) ANO: RAW_POSITION=-12
I (47074) ANO: RAW_POSITION=-11
I (47137) ANO: RAW_POSITION=-10
I (47196) ANO: RAW_POSITION=-9
I (47376) ANO: RAW_POSITION=-8
I (47616) ANO: RAW_POSITION=-7
I (47736) ANO: RAW_POSITION=-6
I (47797) ANO: RAW_POSITION=-5
I (47887) ANO: RAW_POSITION=-4
I (47946) ANO: RAW_POSITION=-3
I (47976) ANO: RAW_POSITION=-2
I (48038) ANO: RAW_POSITION=-1
I (48069) ANO: RAW_POSITION=0
I (48098) ANO: RAW_POSITION=1
I (48128) ANO: RAW_POSITION=2
I (48157) ANO: RAW_POSITION=3
I (48186) ANO: RAW_POSITION=4
I (48246) ANO: RAW_POSITION=5
I (48276) ANO: RAW_POSITION=6
I (48336) ANO: RAW_POSITION=7
I (48396) ANO: RAW_POSITION=8
I (48427) ANO: RAW_POSITION=9
I (48547) ANO: RAW_POSITION=10
I (48637) ANO: RAW_POSITION=11
I (48696) ANO: RAW_POSITION=12
I (48757) ANO: RAW_POSITION=13
I (48817) ANO: RAW_POSITION=14
I (48876) ANO: RAW_POSITION=15
I (48996) ANO: RAW_POSITION=16
I (49057) ANO: RAW_POSITION=17
I (49118) ANO: RAW_POSITION=18
I (49176) ANO: RAW_POSITION=19
I (49266) ANO: RAW_POSITION=20
I (50677) ANO: RAW_POSITION=21
I (51846) ANO: RAW_POSITION=22
I (52866) ANO: SELECT pressed
I (52984) ANO: SELECT released
I (53022) ALBUM: TRACK index=44/45 file=/sd/HARMONY/Third Eye Blind/Third Eye Blind/01-13 Motorcycle Drive By.mp3 generation=3
I (53472) BT_AV: BENCH frames=1760640 heap=2011432 min_heap=2000684
I (53473) ALBUM: PLAYBACK track=44/45 frames=11776 total=1658112 queued=131072 underrun=0 contention=23552 max_decode_us=175809 done=0 failed=0 paused=0 connected=1
I (53482) BT_AV: STACK_FREE_MIN app=3824 timer=1292
I (53486) BT_AV: bt_app_av_sm_hdlr state: 5, event: 0xff00
I (56720) DISPLAY: UPDATE state=PLAYING max_draw_us=578771 stack_free_min=3928
I (63472) BT_AV: BENCH frames=2201600 heap=2007076 min_heap=2000684
I (63473) ALBUM: PLAYBACK track=44/45 frames=451456 total=2097792 queued=129024 underrun=0 contention=29696 max_decode_us=175809 done=0 failed=0 paused=0 connected=1
I (63482) BT_AV: STACK_FREE_MIN app=3824 timer=1292
I (63487) BT_AV: bt_app_av_sm_hdlr state: 5, event: 0xff00
I (67149) DISPLAY: UPDATE state=PLAYING max_draw_us=578771 stack_free_min=3896
I (73472) BT_AV: BENCH frames=2643072 heap=2011432 min_heap=2000684
I (73473) ALBUM: PLAYBACK track=44/45 frames=891392 total=2537728 queued=120832 underrun=0 contention=34816 max_decode_us=175809 done=0 failed=0 paused=0 connected=1
I (73482) BT_AV: STACK_FREE_MIN app=3824 timer=1292
I (73487) BT_AV: bt_app_av_sm_hdlr state: 5, event: 0xff00
I (77609) DISPLAY: UPDATE state=PLAYING max_draw_us=578771 stack_free_min=3896
I (78516) ANO: SELECT pressed
I (78665) ANO: SELECT released
I (83472) BT_AV: BENCH frames=3083520 heap=2011432 min_heap=2000684
I (83472) ALBUM: PLAYBACK track=44/45 frames=1114880 total=2761216 queued=131072 underrun=0 contention=40448 max_decode_us=175809 done=0 failed=0 paused=1 connected=1
I (83482) BT_AV: STACK_FREE_MIN app=3824 timer=1292
I (83486) BT_AV: bt_app_av_sm_hdlr state: 5, event: 0xff00
I (87670) DISPLAY: UPDATE state=PAUSED max_draw_us=578771 stack_free_min=3896
I (93472) BT_AV: BENCH frames=3524608 heap=2007076 min_heap=2000684
I (93472) ALBUM: PLAYBACK track=44/45 frames=1114880 total=2761216 queued=131072 underrun=0 contention=40960 max_decode_us=175809 done=0 failed=0 paused=1 connected=1
I (93482) BT_AV: STACK_FREE_MIN app=3824 timer=1292
I (93486) BT_AV: bt_app_av_sm_hdlr state: 5, event: 0xff00
I (97670) DISPLAY: UPDATE state=PAUSED max_draw_us=578771 stack_free_min=3896
I (103472) BT_AV: BENCH frames=3965952 heap=2011432 min_heap=2000684
I (103472) ALBUM: PLAYBACK track=44/45 frames=1114880 total=2761216 queued=131072 underrun=0 contention=40960 max_decode_us=175809 done=0 failed=0 paused=1 connected=1
I (103482) BT_AV: STACK_FREE_MIN app=3824 timer=1292
I (103487) BT_AV: bt_app_av_sm_hdlr state: 5, event: 0xff00
I (107678) DISPLAY: UPDATE state=PAUSED max_draw_us=578771 stack_free_min=3896
I (113472) BT_AV: BENCH frames=4406400 heap=2011432 min_heap=2000684
I (113472) ALBUM: PLAYBACK track=44/45 frames=1114880 total=2761216 queued=131072 underrun=0 contention=40960 max_decode_us=175809 done=0 failed=0 paused=1 connected=1
I (113482) BT_AV: STACK_FREE_MIN app=3824 timer=1292
I (113486) BT_AV: bt_app_av_sm_hdlr state: 5, event: 0xff00
I (117679) DISPLAY: UPDATE state=PAUSED max_draw_us=578771 stack_free_min=3896
I (123472) BT_AV: BENCH frames=4847488 heap=2007076 min_heap=2000684
I (123472) ALBUM: PLAYBACK track=44/45 frames=1114880 total=2761216 queued=131072 underrun=0 contention=40960 max_decode_us=175809 done=0 failed=0 paused=1 connected=1
I (123482) BT_AV: STACK_FREE_MIN app=3824 timer=1292
I (123487) BT_AV: bt_app_av_sm_hdlr state: 5, event: 0xff00
I (127679) DISPLAY: UPDATE state=PAUSED max_draw_us=578771 stack_free_min=3896
I (133472) BT_AV: BENCH frames=5288832 heap=2011432 min_heap=2000684
I (133472) ALBUM: PLAYBACK track=44/45 frames=1114880 total=2761216 queued=131072 underrun=0 contention=41472 max_decode_us=175809 done=0 failed=0 paused=1 connected=1
I (133482) BT_AV: STACK_FREE_MIN app=3824 timer=1292
I (133487) BT_AV: bt_app_av_sm_hdlr state: 5, event: 0xff00
I (137679) DISPLAY: UPDATE state=PAUSED max_draw_us=578771 stack_free_min=3864
I (143472) BT_AV: BENCH frames=5729280 heap=2011432 min_heap=2000684
I (143472) ALBUM: PLAYBACK track=44/45 frames=1114880 total=2761216 queued=131072 underrun=0 contention=41472 max_decode_us=175809 done=0 failed=0 paused=1 connected=1
I (143482) BT_AV: STACK_FREE_MIN app=3824 timer=1292
I (143486) BT_AV: bt_app_av_sm_hdlr state: 5, event: 0xff00
I (147679) DISPLAY: UPDATE state=PAUSED max_draw_us=578771 stack_free_min=3864
I (153472) BT_AV: BENCH frames=6170368 heap=2007076 min_heap=2000684
I (153472) ALBUM: PLAYBACK track=44/45 frames=1114880 total=2761216 queued=131072 underrun=0 contention=41472 max_decode_us=175809 done=0 failed=0 paused=1 connected=1
I (153482) BT_AV: STACK_FREE_MIN app=3824 timer=1292
I (153487) BT_AV: bt_app_av_sm_hdlr state: 5, event: 0xff00
I (157679) DISPLAY: UPDATE state=PAUSED max_draw_us=578771 stack_free_min=3864
I (163472) BT_AV: BENCH frames=6611712 heap=2011432 min_heap=2000684
I (163472) ALBUM: PLAYBACK track=44/45 frames=1114880 total=2761216 queued=131072 underrun=0 contention=41472 max_decode_us=175809 done=0 failed=0 paused=1 connected=1
I (163482) BT_AV: STACK_FREE_MIN app=3824 timer=1292
I (163487) BT_AV: bt_app_av_sm_hdlr state: 5, event: 0xff00
I (167679) DISPLAY: UPDATE state=PAUSED max_draw_us=578771 stack_free_min=3864
I (173472) BT_AV: BENCH frames=7052160 heap=2011432 min_heap=2000684
I (173472) ALBUM: PLAYBACK track=44/45 frames=1114880 total=2761216 queued=131072 underrun=0 contention=41472 max_decode_us=175809 done=0 failed=0 paused=1 connected=1
I (173482) BT_AV: STACK_FREE_MIN app=3824 timer=1292
I (173486) BT_AV: bt_app_av_sm_hdlr state: 5, event: 0xff00
I (177679) DISPLAY: UPDATE state=PAUSED max_draw_us=578771 stack_free_min=3864
