esptool v5.0.0
Serial port /dev/cu.usbserial-5B1E0643571:
Connecting...............
Detecting chip type... ESP32
Connected to ESP32 on /dev/cu.usbserial-5B1E0643571:
Chip type:          ESP32-PICO-V3-02 (revision v3.1)
Features:           Wi-Fi, BT, Dual Core + LP Core, 240MHz, Embedded Flash, Embedded PSRAM, Vref calibration in eFuse, Coding Scheme None
Crystal frequency:  40MHz
MAC:                14:33:5c:99:1a:28

Uploading stub flasher...
Running stub flasher...
Stub flasher running.

Configuring flash size...
Flash will be erased from 0x00001000 to 0x00007fff...
Flash will be erased from 0x00008000 to 0x00008fff...
Flash will be erased from 0x00010000 to 0x00048fff...
SHA digest in image updated.
Compressed 26240 bytes to 16489...
Writing at 0x00001000 [                              ]   0.0% 0/16489 bytes... 
Writing at 0x000075fa [============================> ]  99.4% 16384/16489 bytes... 
Writing at 0x00007680 [==============================] 100.0% 16489/16489 bytes... 
Wrote 26240 bytes (16489 compressed) at 0x00001000 in 1.9 seconds (107.8 kbit/s).
Hash of data verified.
Compressed 3072 bytes to 103...
Writing at 0x00008000 [                              ]   0.0% 0/103 bytes... 
Writing at 0x00008c00 [==============================] 100.0% 103/103 bytes... 
Wrote 3072 bytes (103 compressed) at 0x00008000 in 0.1 seconds (437.5 kbit/s).
Hash of data verified.
Compressed 231440 bytes to 118287...
Writing at 0x00010000 [                              ]   0.0% 0/118287 bytes... 
Writing at 0x0001ebbd [===>                          ]  13.9% 16384/118287 bytes... 
Writing at 0x000252c5 [=======>                      ]  27.7% 32768/118287 bytes... 
Writing at 0x0002c055 [===========>                  ]  41.6% 49152/118287 bytes... 
Writing at 0x00033544 [===============>              ]  55.4% 65536/118287 bytes... 
Writing at 0x0003a90a [===================>          ]  69.3% 81920/118287 bytes... 
Writing at 0x00040cb9 [=======================>      ]  83.1% 98304/118287 bytes... 
Writing at 0x00046f4f [============================> ]  97.0% 114688/118287 bytes... 
Writing at 0x00048810 [==============================] 100.0% 118287/118287 bytes... 
Wrote 231440 bytes (118287 compressed) at 0x00010000 in 11.7 seconds (158.9 kbit/s).
Hash of data verified.

Staying in flasher stub.
