esptool v5.0.0
Serial port /dev/cu.usbserial-5B1E0643571:
Connecting....
Detecting chip type... ESP32
Connected to ESP32 on /dev/cu.usbserial-5B1E0643571:
Chip type:          ESP32-PICO-V3-02 (revision v3.1)
Features:           Wi-Fi, BT, Dual Core + LP Core, 240MHz, Embedded Flash, Embedded PSRAM, Vref calibration in eFuse, Coding Scheme None
Crystal frequency:  40MHz
MAC:                14:33:5c:99:1a:28

Uploading stub flasher...
Running stub flasher...
Stub flasher running.

Configuring flash size...
Flash will be erased from 0x00001000 to 0x00007fff...
Flash will be erased from 0x00008000 to 0x00008fff...
Flash will be erased from 0x00010000 to 0x00048fff...
SHA digest in image updated.
Compressed 26240 bytes to 16489...
Writing at 0x00001000 [                              ]   0.0% 0/16489 bytes... 
Writing at 0x000075fa [============================> ]  99.4% 16384/16489 bytes... 
Writing at 0x00007680 [==============================] 100.0% 16489/16489 bytes... 

A fatal error occurred: MD5 of file does not match data in flash!
Wrote 26240 bytes (16489 compressed) at 0x00001000 in 1.9 seconds (108.6 kbit/s).
Input MD5: b03c5ee49c2ea4c298e623aecd539ff8
Flash MD5: aaed19cb3b700240b31c08fec224d69f

Staying in flasher stub.
