esptool.py v4.12.0
Serial port /dev/cu.usbserial-5B1E0643571
Connecting....
Chip is ESP32-PICO-V3-02 (revision v3.1)
Features: WiFi, BT, Dual Core, 240MHz, Embedded Flash, Embedded PSRAM, VRef calibration in efuse, Coding Scheme None
Crystal is 40MHz
MAC: 14:33:5c:99:1a:28
Uploading stub...
Running stub...
Stub running...
Configuring SPI flash mode (CLK:6, Q:17, D:23, HD:16, CS:11)...
Configuring flash size...
Flash will be erased from 0x00001000 to 0x00007fff...
Flash will be erased from 0x00008000 to 0x00008fff...
Flash will be erased from 0x00010000 to 0x00048fff...
SHA digest in image updated
Writing at 0x00001000... (50 %)
Writing at 0x00005000... (100 %)
Wrote 32768 bytes at 0x00001000 in 3.3 seconds (79.5 kbit/s)...
File  md5: b03c5ee49c2ea4c298e623aecd539ff8
Flash md5: a49edec525daa53968accb7df7ed3ad6
MD5 of 0xFF is ce0d9f7f999e01b39a9fb7415a5ba255

A fatal error occurred: MD5 of file does not match data in flash!
