08:48:43 AM: Debug: Adding duplicate image handler for 'PNG file'
08:48:43 AM: Debug: Adding duplicate image handler for 'JPEG file'
08:48:43 AM: Debug: Adding duplicate image handler for 'TIFF file'
08:48:43 AM: Debug: Adding duplicate image handler for 'GIF file'
08:48:43 AM: Debug: Adding duplicate image handler for 'PNM file'
08:48:43 AM: Debug: Adding duplicate image handler for 'PCX file'
08:48:43 AM: Debug: Adding duplicate image handler for 'IFF file'
08:48:43 AM: Debug: Adding duplicate image handler for 'Windows icon file'
08:48:43 AM: Debug: Adding duplicate image handler for 'Windows cursor file'
08:48:43 AM: Debug: Adding duplicate image handler for 'Windows animated cursor file'
08:48:43 AM: Debug: Adding duplicate image handler for 'TGA file'
08:48:43 AM: Debug: Adding duplicate image handler for 'XPM file'
08:48:43 AM: Debug: Adding duplicate image handler for 'PNG file'
08:48:43 AM: Debug: Adding duplicate image handler for 'JPEG file'
08:48:43 AM: Debug: Adding duplicate image handler for 'TIFF file'
08:48:43 AM: Debug: Adding duplicate image handler for 'GIF file'
08:48:43 AM: Debug: Adding duplicate image handler for 'PNM file'
08:48:43 AM: Debug: Adding duplicate image handler for 'PCX file'
08:48:43 AM: Debug: Adding duplicate image handler for 'IFF file'
08:48:43 AM: Debug: Adding duplicate image handler for 'Windows icon file'
08:48:43 AM: Debug: Adding duplicate image handler for 'Windows cursor file'
08:48:43 AM: Debug: Adding duplicate image handler for 'Windows animated cursor file'
08:48:43 AM: Debug: Adding duplicate image handler for 'TGA file'
08:48:43 AM: Debug: Adding duplicate image handler for 'XPM file'
{"tangara-mainboard": 124, "tangara-faceplate": 46}
