ets Jul 29 2019 12:21:46

rst:0x1 (POWERON_RESET),boot:0x13 (SPI_FAST_FLASH_BOOT)
configsip: 271414342, SPIWP:0xee
clk_drv:0x00,q_drv:0x00,d_drv:0x00,cs0_drv:0x00,hd_drv:0x00,wp_drv:0x00
mode:DIO, clock div:2
load:0x3fff0030,len:6380
ho 0 tail 12 room 4
load:0x40078000,len:15916
load:0x40080400,len:3860
entry 0x40080638
I (30) boot: ESP-IDF 8c750b08 2nd stage bootloader
I (30) boot: compile time Sep 27 2026 16:17:03
I (30) boot: Multicore bootloader
I (31) boot: chip revision: v3.1
I (34) boot.esp32: SPI Speed      : 40MHz
I (38) boot.esp32: SPI Mode       : DIO
I (42) boot.esp32: SPI Flash Size : 8MB
I (45) boot: Enabling RNG early entropy source...
I (50) boot: Partition Table:
I (52) boot: ## Label            Usage          Type ST Offset   Length
I (59) boot:  0 nvs              WiFi data        01 02 00009000 00006000
I (65) boot:  1 phy_init         RF data          01 01 0000f000 00001000
I (72) boot:  2 factory          factory app      00 00 00010000 00300000
I (78) boot: End of partition table
I (81) esp_image: segment 0: paddr=00010020 vaddr=3f400020 size=363bch (222140) map
I (165) esp_image: segment 1: paddr=000463e4 vaddr=3ff80000 size=00020h (    32) load
I (165) esp_image: segment 2: paddr=0004640c vaddr=3ffbdb60 size=04each ( 20140) load
I (176) esp_image: segment 3: paddr=0004b2c0 vaddr=40080000 size=04d58h ( 19800) load
I (184) esp_image: segment 4: paddr=00050020 vaddr=400d0020 size=c845ch (820316) map
I (465) esp_image: segment 5: paddr=00118484 vaddr=40084d58 size=1a0fch (106748) load
I (521) boot: Loaded app from partition at offset 0x10000
I (521) boot: Disabling RNG early entropy source...
I (532) quad_psram: This chip is ESP32-PICO-V3-02
I (534) esp_psram: Found 2MB PSRAM device
I (534) esp_psram: Speed: 40MHz
I (534) esp_psram: PSRAM initialized, cache is in low/high (2-core) mode.
I (540) cpu_start: Multicore app
I (1006) esp_psram: SPI SRAM memory test OK
I (1014) cpu_start: Pro cpu start user code
I (1014) cpu_start: cpu freq: 240000000 Hz
I (1014) app_init: Application information:
I (1014) app_init: Project name:     mark6_feather_player_bench
I (1020) app_init: App version:      c3c471b-dirty
I (1024) app_init: Compile time:     Sep 27 2026 16:16:45
I (1029) app_init: ELF file SHA256:  7747e236f...
I (1034) app_init: ESP-IDF:          8c750b08
I (1038) efuse_init: Min chip rev:     v0.0
I (1042) efuse_init: Max chip rev:     v3.99 
I (1046) efuse_init: Chip rev:         v3.1
I (1050) heap_init: Initializing. RAM available for dynamic allocation:
I (1056) heap_init: At 3FFAFF10 len 000000F0 (0 KiB): DRAM
I (1061) heap_init: At 3FFB6388 len 00001C78 (7 KiB): DRAM
I (1066) heap_init: At 3FFB9A20 len 00004108 (16 KiB): DRAM
I (1072) heap_init: At 3FFCCFC0 len 00013040 (76 KiB): DRAM
I (1077) heap_init: At 3FFE0440 len 00003AE0 (14 KiB): D/IRAM
I (1083) heap_init: At 3FFE4350 len 0001BCB0 (111 KiB): D/IRAM
I (1088) heap_init: At 4009EE54 len 000011AC (4 KiB): IRAM
I (1094) esp_psram: Adding pool of 2048K of PSRAM memory to heap allocator
I (1101) spi_flash: detected chip: generic
I (1104) spi_flash: flash io: dio
I (1108) coexist: coex firmware version: 831ec70
I (1112) main_task: Started on CPU0
I (1114) esp_psram: Reserving pool of 32K of internal memory for DMA/internal allocations
I (1122) main_task: Calling app_main()
I (1376) LCD_BENCH: Identity and capacities matched; LCD/SD control outputs enabled
I (1376) BT_AV: MARK6_FEATHER_ALBUM target=SoundCore 2 playlist=HARMONY/ALBUM.M3U
I (1379) SD_BENCH: READ_ONLY mount: SCK=14 MOSI=27 MISO=21 CS=25, shared SPI2 4MHz
I (1429) SD_BENCH: CARD_RESET_DONE before initialization
I (1429) sdspi_transaction: cmd=52, R1 response: command not supported
I (1471) sdspi_transaction: cmd=5, R1 response: command not supported
Name: SD
Type: SDHC
Speed: 4.00 MHz (limit: 4.00 MHz)
Size: 14910MB
CSD: ver=2, sector_size=512, capacity=30535680 read_bl_len=9
SSR: bus_width=1
I (1567) ALBUM: TRACK index=1/45 file=/sd/HARMONY/Creed/Human Clay/01-01 Are You Ready.mp3 generation=1
I (2854) DISPLAY: ST7796S SPI2 4MHz 320x480; write completed, visual check required
W (2857) i2c.master: Please check pull-up resistances whether be connected properly. Otherwise unexpected behavior would happen. For more detailed information, please read docs
I (2900) ANO: RAW_POSITION=0
I (2907) BTDM_INIT: BT controller compile version [b992c7d]
I (2909) BTDM_INIT: Bluetooth MAC: 14:33:5c:99:1a:2a
I (2912) phy_init: phy_version 4860,6b7a6e5,Feb  6 2025,14:47:07
I (2992) phy_init: Saving new calibration data due to checksum failure or outdated calibration data, mode(0)
I (3428) BT_AV: Own address:[14:33:5c:99:1a:2a]
I (3431) BT_AV: Starting device discovery...
E (3434) RC_CT: Invalid AVRC event: 10
W (3437) BT_BTC: A2DP Enable with AVRC
W (3439) BT_AVRC: For AVRCP Target Cateory 1 and 3, SDP record shall contain additional protocol list
I (3452) BT_AV: bt_app_av_sm_hdlr state: 1, event: 0x4
I (3458) BT_AV: event: 10
I (3461) BT_AV: event: 10
I (3463) BT_AV: event: 10
I (3463) BT_AV: event: 10
I (3463) BT_AV: ESP_BT_GAP_GET_DEV_NAME_CMPL_EVT device name: Harmony Mark-6
I (3467) BT_AV: Discovery started.
I (3469) main_task: Returned from app_main()
I (10146) BT_AV: Scanned device: f4:2b:7d:5a:35:43
I (10146) BT_AV: --Class of Device: 0x240404
I (10147) BT_AV: --RSSI: -47
I (10147) BT_AV: --Name: SoundCore 2
I (10150) BT_AV: Found a target device, address f4:2b:7d:5a:35:43, name SoundCore 2
I (10157) BT_AV: Cancel device discovery ...
I (10164) BT_AV: Device discovery stopped.
I (10165) BT_AV: a2dp connecting to peer: SoundCore 2
W (10170) BT_APPL: reset flags
I (10178) BT_AV: bt_app_av_sm_hdlr state: 4, event: 0x0
W (12100) BT_HCI: hcif conn complete: hdl 0x80, st 0x0
I (12104) BT_AV: event: 16
I (12190) BT_AV: event: 21
I (12247) BT_AV: bt_app_av_sm_hdlr state: 4, event: 0x2
W (12278) BT_APPL: new conn_srvc id:18, app_id:0
I (12280) BT_AV: bt_app_av_sm_hdlr state: 4, event: 0x0
I (12354) RC_CT: AVRC conn_state event: state 1, [f4:2b:7d:5a:35:43]
I (12355) RC_CT: AVRC remote features 24b, TG features 2
I (12362) RC_CT: remote rn_cap: count 2, bitmask 0x2040
I (13281) DISPLAY: UPDATE state=CONNECTING max_draw_us=548960 stack_free_min=4272
I (13431) BT_AV: BENCH frames=0 heap=2011096 min_heap=2003960
I (13431) ALBUM: PLAYBACK track=1/45 frames=0 total=0 queued=131072 underrun=0 contention=0 max_decode_us=57537 callback_us=0 done=0 failed=0 paused=0 connected=0
I (13439) BT_AV: STACK_FREE_MIN app=3888 timer=1292
I (13444) BT_AV: bt_app_av_sm_hdlr state: 5, event: 0xff00
I (13449) BT_AV: a2dp media ready checking ...
I (13454) BT_AV: bt_app_av_sm_hdlr state: 5, event: 0x3
I (13458) BT_AV: a2dp media ready, starting ...
W (13466) BT_APPL: new conn_srvc id:18, app_id:1
I (13503) BT_LOG: bta_av_link_role_ok hndl:x41 role:0 conn_audio:x1 bits:1 features:x864b

I (13505) BT_AV: bt_app_av_sm_hdlr state: 5, event: 0x3
I (13506) BT_AV: a2dp media start successfully.
I (13510) BT_AV: bt_app_av_sm_hdlr state: 5, event: 0x1
I (14487) RC_CT: AVRC event notification: 13
I (14488) RC_CT: Volume changed: 113
I (14602) RC_CT: AVRC event notification: 13
I (14602) RC_CT: Volume changed: 112
I (23431) BT_AV: BENCH frames=436480 heap=2011096 min_heap=2001052
I (23432) ALBUM: PLAYBACK track=1/45 frames=436480 total=436480 queued=131072 underrun=0 contention=0 max_decode_us=57537 callback_us=226 done=0 failed=0 paused=0 connected=1
I (23442) BT_AV: STACK_FREE_MIN app=3792 timer=1292
I (23446) BT_AV: bt_app_av_sm_hdlr state: 5, event: 0xff00
I (23686) DISPLAY: UPDATE state=PLAYING max_draw_us=548960 stack_free_min=3920
I (33432) BT_AV: BENCH frames=878336 heap=2002332 min_heap=2001052
I (33433) ALBUM: PLAYBACK track=1/45 frames=878336 total=878336 queued=131072 underrun=0 contention=0 max_decode_us=57537 callback_us=226 done=0 failed=0 paused=0 connected=1
I (33443) BT_AV: STACK_FREE_MIN app=3792 timer=1292
I (33447) BT_AV: bt_app_av_sm_hdlr state: 5, event: 0xff00
I (34094) DISPLAY: UPDATE state=PLAYING max_draw_us=548960 stack_free_min=3920
I (37132) RC_CT: AVRC event notification: 13
I (37132) RC_CT: Volume changed: 104
I (37522) RC_CT: AVRC event notification: 13
I (37523) RC_CT: Volume changed: 96
I (37852) RC_CT: AVRC event notification: 13
I (37852) RC_CT: Volume changed: 88
I (43431) BT_AV: BENCH frames=1318784 heap=2011096 min_heap=2001052
I (43432) ALBUM: PLAYBACK track=1/45 frames=1318784 total=1318784 queued=131072 underrun=0 contention=0 max_decode_us=57537 callback_us=226 done=0 failed=0 paused=0 connected=1
I (43443) BT_AV: STACK_FREE_MIN app=3792 timer=1292
I (43447) BT_AV: bt_app_av_sm_hdlr state: 5, event: 0xff00
I (44525) DISPLAY: UPDATE state=PLAYING max_draw_us=548960 stack_free_min=3920
I (53431) BT_AV: BENCH frames=1759360 heap=2011096 min_heap=2001052
I (53432) ALBUM: PLAYBACK track=1/45 frames=1759360 total=1759360 queued=131072 underrun=0 contention=0 max_decode_us=57537 callback_us=566 done=0 failed=0 paused=0 connected=1
I (53442) BT_AV: STACK_FREE_MIN app=3792 timer=1292
I (53446) BT_AV: bt_app_av_sm_hdlr state: 5, event: 0xff00
I (54986) DISPLAY: UPDATE state=PLAYING max_draw_us=548960 stack_free_min=3888
I (63435) BT_AV: BENCH frames=2201216 heap=2011096 min_heap=2001052
I (63436) ALBUM: PLAYBACK track=1/45 frames=2201216 total=2201216 queued=130048 underrun=0 contention=0 max_decode_us=57537 callback_us=566 done=0 failed=0 paused=0 connected=1
I (63446) BT_AV: STACK_FREE_MIN app=3792 timer=1292
I (63450) BT_AV: bt_app_av_sm_hdlr state: 5, event: 0xff00
I (65395) DISPLAY: UPDATE state=PLAYING max_draw_us=548960 stack_free_min=3888
I (73432) BT_AV: BENCH frames=2641664 heap=2011096 min_heap=2001052
I (73433) ALBUM: PLAYBACK track=1/45 frames=2641664 total=2641664 queued=131072 underrun=0 contention=0 max_decode_us=57537 callback_us=566 done=0 failed=0 paused=0 connected=1
I (73443) BT_AV: STACK_FREE_MIN app=3792 timer=1292
I (73448) BT_AV: bt_app_av_sm_hdlr state: 5, event: 0xff00
I (75867) DISPLAY: UPDATE state=PLAYING max_draw_us=548960 stack_free_min=3888
I (83431) BT_AV: BENCH frames=3082240 heap=2011096 min_heap=2001052
I (83432) ALBUM: PLAYBACK track=1/45 frames=3082240 total=3082240 queued=131072 underrun=0 contention=0 max_decode_us=57537 callback_us=566 done=0 failed=0 paused=0 connected=1
I (83442) BT_AV: STACK_FREE_MIN app=3792 timer=1292
I (83446) BT_AV: bt_app_av_sm_hdlr state: 5, event: 0xff00
