esptool.py v4.12.0
Serial port /dev/cu.usbserial-1120
Connecting......
Chip is ESP32-D0WD-V3 (revision v3.1)
Features: WiFi, BT, Dual Core, 240MHz, VRef calibration in efuse, Coding Scheme None
Crystal is 40MHz
MAC: 5c:01:3b:89:24:04
Uploading stub...
Running stub...
Stub running...
Changing baud rate to 460800
Changed.
Configuring flash size...
Flash will be erased from 0x00010000 to 0x0003efff...
Compressed 192032 bytes to 103431...
Writing at 0x00010000... (14 %)
Writing at 0x0001ccc5... (28 %)
Writing at 0x0002299c... (42 %)
Writing at 0x0002893d... (57 %)
Writing at 0x0002fe92... (71 %)
Writing at 0x00036c1a... (85 %)
Writing at 0x0003cdaf... (100 %)
Wrote 192032 bytes (103431 compressed) at 0x00010000 in 3.2 seconds (effective 487.5 kbit/s)...
Hash of data verified.

Leaving...
Hard resetting via RTS pin...
