ets Jul 29 2019 12:21:46

rst:0x1 (POWERON_RESET),boot:0x13 (SPI_FAST_FLASH_BOOT)
configsip: 0, SPIWP:0xee
clk_drv:0x00,q_drv:0x00,d_drv:0x00,cs0_drv:0x00,hd_drv:0x00,wp_drv:0x00
mode:DIO, clock div:2
load:0x3fff0030,len:6380
ho 0 tail 12 room 4
load:0x40078000,len:15916
load:0x40080400,len:3860
entry 0x40080638
I (29) boot: ESP-IDF 8c750b08 2nd stage bootloader
I (29) boot: compile time Sep 21 2026 10:51:14
I (29) boot: Multicore bootloader
I (31) boot: chip revision: v3.1
I (34) boot.esp32: SPI Speed      : 40MHz
I (37) boot.esp32: SPI Mode       : DIO
I (41) boot.esp32: SPI Flash Size : 4MB
I (44) boot: Enabling RNG early entropy source...
I (49) boot: Partition Table:
I (51) boot: ## Label            Usage          Type ST Offset   Length
I (58) boot:  0 nvs              WiFi data        01 02 00009000 00006000
I (64) boot:  1 phy_init         RF data          01 01 0000f000 00001000
I (71) boot:  2 factory          factory app      00 00 00010000 00100000
I (77) boot: End of partition table
I (81) esp_image: segment 0: paddr=00010020 vaddr=3f400020 size=0aa88h ( 43656) map
I (103) esp_image: segment 1: paddr=0001aab0 vaddr=3ff80000 size=00020h (    32) load
I (103) esp_image: segment 2: paddr=0001aad8 vaddr=3ffb0000 size=02648h (  9800) load
I (111) esp_image: segment 3: paddr=0001d128 vaddr=40080000 size=02ef0h ( 12016) load
I (119) esp_image: segment 4: paddr=00020020 vaddr=400d0020 size=14fd4h ( 85972) map
I (151) esp_image: segment 5: paddr=00034ffc vaddr=40082ef0 size=0a11ch ( 41244) load
I (174) boot: Loaded app from partition at offset 0x10000
I (174) boot: Disabling RNG early entropy source...
I (185) cpu_start: Multicore app
I (193) cpu_start: Pro cpu start user code
I (193) cpu_start: cpu freq: 160000000 Hz
I (193) app_init: Application information:
I (193) app_init: Project name:     mark6_display_probe
I (198) app_init: App version:      8ad9094
I (202) app_init: Compile time:     Sep 21 2026 11:07:55
I (207) app_init: ELF file SHA256:  d22326140...
I (211) app_init: ESP-IDF:          8c750b08
I (215) efuse_init: Min chip rev:     v0.0
I (219) efuse_init: Max chip rev:     v3.99 
I (223) efuse_init: Chip rev:         v3.1
I (227) heap_init: Initializing. RAM available for dynamic allocation:
I (234) heap_init: At 3FFAE6E0 len 00001920 (6 KiB): DRAM
I (239) heap_init: At 3FFB2F18 len 0002D0E8 (180 KiB): DRAM
I (244) heap_init: At 3FFE0440 len 00003AE0 (14 KiB): D/IRAM
I (249) heap_init: At 3FFE4350 len 0001BCB0 (111 KiB): D/IRAM
I (255) heap_init: At 4008D00C len 00012FF4 (75 KiB): IRAM
I (261) spi_flash: detected chip: generic
I (264) spi_flash: flash io: dio
I (267) main_task: Started on CPU0
I (277) main_task: Calling app_main()
I (1027) DISPLAY: READY software SPI, 2us half-cycle SCK14 MOSI13 CS26 DC33 RST27; 240x135 BGR
I (10707) DISPLAY: WHITE_FILL_COMPLETE full 240x320 controller RAM; visual check required
I (10707) main_task: Returned from app_main()
