Checking "python3" ...
Python 3.12.11
"python3" has been detected
Activating ESP-IDF 5.5
Setting IDF_PATH to '/Users/dave/projects/Harmony2/firmware/upstream/tangara-fw/lib/esp-idf'.
* Checking python version ... 3.12.11
* Checking python dependencies ... OK
* Deactivating the current ESP-IDF environment (if any) ... OK
* Establishing a new ESP-IDF environment ... OK
* Identifying shell ... bash
* Detecting outdated tools in system ... OK - no outdated tools found
* Shell completion ... Autocompletion code generated
WARNING: Failed to load shell autocompletion for bash version: 3.2.57(1)-release!

Done! You can now compile ESP-IDF projects.
Go to the project directory and run:

  idf.py build
Executing action: flash
Running ninja in directory /Users/dave/projects/Harmony2/firmware/mark-6/display-probe/build
Executing "ninja flash"...
[1/5] cd /Users/dave/projects/Harmony2/firmware/mark-6/display-probe/build/esp-idf/esptool_py && /Users/dave/projects/Harmony2/firmware/toolchains/esp-idf/python_env/idf5.5_py3.12_env/bin/python /Users/dave/projects/Harmony2/firmware/upstream/tangara-fw/lib/esp-idf/components/partition_table/check_sizes.py --offset 0x8000 partition --type app /Users/dave/projects/Harmony2/firmware/mark-6/display-probe/build/partition_table/partition-table.bin /Users/dave/projects/Harmony2/firmware/mark-6/display-probe/build/mark6_display_probe.bin
mark6_display_probe.bin binary size 0x325a0 bytes. Smallest app partition is 0x100000 bytes. 0xcda60 bytes (80%) free.
[2/5] Performing build step for 'bootloader'
[1/1] cd /Users/dave/projects/Harmony2/firmware/mark-6/display-probe/build/bootloader/esp-idf/esptool_py && /Users/dave/projects/Harmony2/firmware/toolchains/esp-idf/python_env/idf5.5_py3.12_env/bin/python /Users/dave/projects/Harmony2/firmware/upstream/tangara-fw/lib/esp-idf/components/partition_table/check_sizes.py --offset 0x8000 bootloader 0x1000 /Users/dave/projects/Harmony2/firmware/mark-6/display-probe/build/bootloader/bootloader.bin
Bootloader binary size 0x6680 bytes. 0x980 bytes (8%) free.
[3/5] No install step for 'bootloader'
[4/5] Completed 'bootloader'
[4/5] cd /Users/dave/projects/Harmony2/firmware/upstream/tangara-fw/lib/esp-idf/components/esptool_py && /opt/homebrew/Cellar/cmake/3.30.5/bin/cmake -D IDF_PATH=/Users/dave/projects/Harmony2/firmware/upstream/tangara-fw/lib/esp-idf -D "SERIAL_TOOL=/Users/dave/projects/Harmony2/firmware/toolchains/esp-idf/python_env/idf5.5_py3.12_env/bin/python;;/Users/dave/projects/Harmony2/firmware/upstream/tangara-fw/lib/esp-idf/components/esptool_py/esptool/esptool.py;--chip;esp32" -D "SERIAL_TOOL_ARGS=--before=default_reset;--after=hard_reset;write_flash;@flash_args" -D WORKING_DIRECTORY=/Users/dave/projects/Harmony2/firmware/mark-6/display-probe/build -P /Users/dave/projects/Harmony2/firmware/upstream/tangara-fw/lib/esp-idf/components/esptool_py/run_serial_tool.cmake
esptool.py --chip esp32 -p /dev/cu.usbserial-1120 -b 460800 --before=default_reset --after=hard_reset write_flash --flash_mode dio --flash_freq 40m --flash_size 4MB 0x1000 bootloader/bootloader.bin 0x10000 mark6_display_probe.bin 0x8000 partition_table/partition-table.bin
esptool.py v4.12.0
Serial port /dev/cu.usbserial-1120
Connecting....
Chip is ESP32-D0WD-V3 (revision v3.1)
Features: WiFi, BT, Dual Core, 240MHz, VRef calibration in efuse, Coding Scheme None
Crystal is 40MHz
MAC: 5c:01:3b:89:24:04
Uploading stub...
Running stub...
Stub running...
Changing baud rate to 460800
Changed.
Configuring flash size...
Flash will be erased from 0x00001000 to 0x00007fff...
Flash will be erased from 0x00010000 to 0x00042fff...
Flash will be erased from 0x00008000 to 0x00008fff...
SHA digest in image updated
Compressed 26240 bytes to 16490...
Writing at 0x00001000... (50 %)
Writing at 0x000075f7... (100 %)
Wrote 26240 bytes (16490 compressed) at 0x00001000 in 0.9 seconds (effective 231.6 kbit/s)...
Hash of data verified.
Compressed 206240 bytes to 111677...
Writing at 0x00010000... (14 %)
Writing at 0x0001cfc4... (28 %)
Writing at 0x000230af... (42 %)
Writing at 0x00029332... (57 %)
Writing at 0x0002fe5f... (71 %)
Writing at 0x0003725d... (85 %)
Writing at 0x0003d364... (100 %)
Wrote 206240 bytes (111677 compressed) at 0x00010000 in 2.9 seconds (effective 567.7 kbit/s)...
Hash of data verified.
Compressed 3072 bytes to 103...
Writing at 0x00008000... (100 %)
Wrote 3072 bytes (103 compressed) at 0x00008000 in 0.1 seconds (effective 301.9 kbit/s)...
Hash of data verified.

Leaving...
Hard resetting via RTS pin...
Done
