ºYOLML”°Å( 86396) map˙ets Jul 29 2019 12:21:46

rst:0x1 (POWERON_RESET),boot:0x13 (SPI_FAST_FLASH_BOOT)
configsip: 0, SPIWP:0xee
clk_drv:0x00,q_drv:0x00,d_drv:0x00,cs0_drv:0x00,hd_drv:0x00,wp_drv:0x00
mode:DIO, clock div:2
load:0x3fff0030,len:6380
ho 0 tail 12 room 4
load:0x40078000,len:15916
load:0x40080400,len:3860
entry 0x40080638
I (29) boot: ESP-IDF 8c750b08 2nd stage bootloader
I (29) boot: compile time Sep 21 2026 10:51:14
I (29) boot: Multicore bootloader
I (31) boot: chip revision: v3.1
I (34) boot.esp32: SPI Speed      : 40MHz
I (37) boot.esp32: SPI Mode       : DIO
I (41) boot.esp32: SPI Flash Size : 4MB
I (44) boot: Enabling RNG early entropy source...
I (49) boot: Partition Table:
I (51) boot: ## Label            Usage          Type ST Offset   Length
I (58) boot:  0 nvs              WiFi data        01 02 00009000 00006000
I (64) boot:  1 phy_init         RF data          01 01 0000f000 00001000
I (71) boot:  2 factory          factory app      00 00 00010000 00100000
I (77) boot: End of partition table
I (81) esp_image: segment 0: paddr=00010020 vaddr=3f400020 size=0ae88h ( 44680) map
I (103) esp_image: segment 1: paddr=0001aeb0 vaddr=3ff80000 size=00020h (    32) load
I (104) esp_image: segment 2: paddr=0001aed8 vaddr=3ffb0000 size=02648h (  9800) load
I (111) esp_image: segment 3: paddr=0001d528 vaddr=40080000 size=02af0h ( 10992) load
I (119) esp_image: segment 4: paddr=00020020 vaddr=400d0020 size=1517ch ( 86396) map
I (152) esp_image: segment 5: paddr=000351a4 vaddr=40082af0 size=0a51ch ( 42268) load
I (175) boot: Loaded app from partition at offset 0x10000
I (175) boot: Disabling RNG early entropy source...
I (186) cpu_start: Multicore app
I (194) cpu_start: Pro cpu start user code
I (194) cpu_start: cpu freq: 160000000 Hz
I (194) app_init: Application information:
I (194) app_init: Project name:     mark6_display_probe
I (199) app_init: App version:      8ad9094
I (203) app_init: Compile time:     Sep 21 2026 11:07:55
I (208) app_init: ELF file SHA256:  7bacde9bb...
I (212) app_init: ESP-IDF:          8c750b08
I (216) efuse_init: Min chip rev:     v0.0
I (220) efuse_init: Max chip rev:     v3.99 
I (224) efuse_init: Chip rev:         v3.1
I (228) heap_init: Initializing. RAM available for dynamic allocation:
I (234) heap_init: At 3FFAE6E0 len 00001920 (6 KiB): DRAM
I (239) heap_init: At 3FFB2F18 len 0002D0E8 (180 KiB): DRAM
I (245) heap_init: At 3FFE0440 len 00003AE0 (14 KiB): D/IRAM
I (250) heap_init: At 3FFE4350 len 0001BCB0 (111 KiB): D/IRAM
I (256) heap_init: At 4008D00C len 00012FF4 (75 KiB): IRAM
I (262) spi_flash: detected chip: generic
I (264) spi_flash: flash io: dio
I (268) main_task: Started on CPU0
I (278) main_task: Calling app_main()
I (928) DISPLAY: READY software SPI, 2us half-cycle SCK14 MOSI13 CS26 DC33 RST27; 240x135 BGR
I (5328) DISPLAY: DRAW_COMPLETE: visual confirmation required
I (5328) main_task: Returned from app_main()
