Checking "python3" ...
Python 3.12.11
"python3" has been detected
Activating ESP-IDF 5.5
Setting IDF_PATH to '/Users/dave/projects/Harmony2/firmware/upstream/tangara-fw/lib/esp-idf'.
* Checking python version ... 3.12.11
* Checking python dependencies ... OK
* Deactivating the current ESP-IDF environment (if any) ... OK
* Establishing a new ESP-IDF environment ... OK
* Identifying shell ... bash
* Detecting outdated tools in system ... OK - no outdated tools found
* Shell completion ... Autocompletion code generated
WARNING: Failed to load shell autocompletion for bash version: 3.2.57(1)-release!

Done! You can now compile ESP-IDF projects.
Go to the project directory and run:

  idf.py build
Executing action: all (aliases: build)
Running ninja in directory /Users/dave/projects/Harmony2/firmware/mark-6/display-probe/build
Executing "ninja all"...
[1/11] Performing build step for 'bootloader'
[1/1] cd /Users/dave/projects/Harmony2/firmware/mark-6/display-probe/build/bootloader/esp-idf/esptool_py && /Users/dave/projects/Harmony2/firmware/toolchains/esp-idf/python_env/idf5.5_py3.12_env/bin/python /Users/dave/projects/Harmony2/firmware/upstream/tangara-fw/lib/esp-idf/components/partition_table/check_sizes.py --offset 0x8000 bootloader 0x1000 /Users/dave/projects/Harmony2/firmware/mark-6/display-probe/build/bootloader/bootloader.bin
Bootloader binary size 0x6680 bytes. 0x980 bytes (8%) free.
[2/11] No install step for 'bootloader'
[3/11] Completed 'bootloader'
[4/11] Building C object esp-idf/main/CMakeFiles/__idf_main.dir/signal_check.c.obj
[5/11] Building C object esp-idf/bench_display/CMakeFiles/__idf_bench_display.dir/bench_display.c.obj
[6/11] Linking C static library esp-idf/bench_display/libbench_display.a
[7/11] Linking C static library esp-idf/main/libmain.a
[8/11] Generating esp-idf/esp_system/ld/sections.ld
[9/11] Linking CXX executable mark6_display_probe.elf
[10/11] Generating binary image from built executable
esptool.py v4.12.0
Creating esp32 image...
Merged 2 ELF sections
Successfully created esp32 image.
Generated /Users/dave/projects/Harmony2/firmware/mark-6/display-probe/build/mark6_display_probe.bin
[11/11] cd /Users/dave/projects/Harmony2/firmware/mark-6/display-probe/build/esp-idf/esptool_py && /Users/dave/projects/Harmony2/firmware/toolchains/esp-idf/python_env/idf5.5_py3.12_env/bin/python /Users/dave/projects/Harmony2/firmware/upstream/tangara-fw/lib/esp-idf/components/partition_table/check_sizes.py --offset 0x8000 partition --type app /Users/dave/projects/Harmony2/firmware/mark-6/display-probe/build/partition_table/partition-table.bin /Users/dave/projects/Harmony2/firmware/mark-6/display-probe/build/mark6_display_probe.bin
mark6_display_probe.bin binary size 0x325a0 bytes. Smallest app partition is 0x100000 bytes. 0xcda60 bytes (80%) free.

Project build complete. To flash, run:
 idf.py flash
or
 idf.py -p PORT flash
or
 python -m esptool --chip esp32 -b 460800 --before default_reset --after hard_reset write_flash --flash_mode dio --flash_size 4MB --flash_freq 40m 0x1000 build/bootloader/bootloader.bin 0x8000 build/partition_table/partition-table.bin 0x10000 build/mark6_display_probe.bin
or from the "/Users/dave/projects/Harmony2/firmware/mark-6/display-probe/build" directory
 python -m esptool --chip esp32 -b 460800 --before default_reset --after hard_reset write_flash "@flash_args"
