d0020 size=172e0h ( 94944)àets Jul 29 2019 12:21:46

rst:0x1 (POWERON_RESET),boot:0x13 (SPI_FAST_FLASH_BOOT)
configsip: 0, SPIWP:0xee
clk_drv:0x00,q_drv:0x00,d_drv:0x00,cs0_drv:0x00,hd_drv:0x00,wp_drv:0x00
mode:DIO, clock div:2
load:0x3fff0030,len:6380
ho 0 tail 12 room 4
load:0x40078000,len:15916
load:0x40080400,len:3860
entry 0x40080638
I (29) boot: ESP-IDF 8c750b08 2nd stage bootloader
I (29) boot: compile time Sep 21 2026 10:51:14
I (29) boot: Multicore bootloader
I (31) boot: chip revision: v3.1
I (34) boot.esp32: SPI Speed      : 40MHz
I (37) boot.esp32: SPI Mode       : DIO
I (41) boot.esp32: SPI Flash Size : 4MB
I (44) boot: Enabling RNG early entropy source...
I (49) boot: Partition Table:
I (51) boot: ## Label            Usage          Type ST Offset   Length
I (58) boot:  0 nvs              WiFi data        01 02 00009000 00006000
I (64) boot:  1 phy_init         RF data          01 01 0000f000 00001000
I (71) boot:  2 factory          factory app      00 00 00010000 00100000
I (77) boot: End of partition table
I (81) esp_image: segment 0: paddr=00010020 vaddr=3f400020 size=0c558h ( 50520) map
I (105) esp_image: segment 1: paddr=0001c580 vaddr=3ff80000 size=00020h (    32) load
I (106) esp_image: segment 2: paddr=0001c5a8 vaddr=3ffb0000 size=027a0h ( 10144) load
I (113) esp_image: segment 3: paddr=0001ed50 vaddr=40080000 size=012c8h (  4808) load
I (119) esp_image: segment 4: paddr=00020020 vaddr=400d0020 size=172e0h ( 94944) map
I (157) esp_image: segment 5: paddr=00037308 vaddr=400812c8 size=0da70h ( 55920) load
I (186) boot: Loaded app from partition at offset 0x10000
I (186) boot: Disabling RNG early entropy source...
I (197) cpu_start: Multicore app
I (205) cpu_start: Pro cpu start user code
I (205) cpu_start: cpu freq: 160000000 Hz
I (205) app_init: Application information:
I (205) app_init: Project name:     mark6_display_probe
I (210) app_init: App version:      8ad9094
I (214) app_init: Compile time:     Sep 21 2026 10:51:06
I (219) app_init: ELF file SHA256:  6f5d07549...
I (223) app_init: ESP-IDF:          8c750b08
I (227) efuse_init: Min chip rev:     v0.0
I (231) efuse_init: Max chip rev:     v3.99 
I (235) efuse_init: Chip rev:         v3.1
I (239) heap_init: Initializing. RAM available for dynamic allocation:
I (245) heap_init: At 3FFAE6E0 len 00001920 (6 KiB): DRAM
I (250) heap_init: At 3FFB30A0 len 0002CF60 (179 KiB): DRAM
I (256) heap_init: At 3FFE0440 len 00003AE0 (14 KiB): D/IRAM
I (261) heap_init: At 3FFE4350 len 0001BCB0 (111 KiB): D/IRAM
I (267) heap_init: At 4008ED38 len 000112C8 (68 KiB): IRAM
I (273) spi_flash: detected chip: generic
I (275) spi_flash: flash io: dio
I (279) main_task: Started on CPU0
I (289) main_task: Calling app_main()
I (1039) DISPLAY: READY SPI2 250kHz SCK14 MOSI13 CS26 DC33 RST27; 240x135 BGR
I (4009) DISPLAY: DRAW_COMPLETE: visual confirmation required
I (4009) main_task: Returned from app_main()
