ets Jul 29 2019 12:21:46

rst:0x1 (POWERON_RESET),boot:0x13 (SPI_FAST_FLASH_BOOT)
configsip: 0, SPIWP:0xee
clk_drv:0x00,q_drv:0x00,d_drv:0x00,cs0_drv:0x00,hd_drv:0x00,wp_drv:0x00
mode:DIO, clock div:2
load:0x3fff0030,len:6380
ho 0 tail 12 room 4
load:0x40078000,len:15916
load:0x40080400,len:3860
entry 0x40080638
I (29) boot: ESP-IDF 8c750b08 2nd stage bootloader
I (29) boot: compile time Sep 21 2026 10:51:14
I (29) boot: Multicore bootloader
I (31) boot: chip revision: v3.1
I (34) boot.esp32: SPI Speed      : 40MHz
I (37) boot.esp32: SPI Mode       : DIO
I (41) boot.esp32: SPI Flash Size : 4MB
I (44) boot: Enabling RNG early entropy source...
I (49) boot: Partition Table:
I (51) boot: ## Label            Usage          Type ST Offset   Length
I (58) boot:  0 nvs              WiFi data        01 02 00009000 00006000
I (64) boot:  1 phy_init         RF data          01 01 0000f000 00001000
I (71) boot:  2 factory          factory app      00 00 00010000 00100000
I (77) boot: End of partition table
I (81) esp_image: segment 0: paddr=00010020 vaddr=3f400020 size=0b700h ( 46848) map
I (104) esp_image: segment 1: paddr=0001b728 vaddr=3ff80000 size=00020h (    32) load
I (104) esp_image: segment 2: paddr=0001b750 vaddr=3ffb0000 size=02468h (  9320) load
I (112) esp_image: segment 3: paddr=0001dbc0 vaddr=40080000 size=02458h (  9304) load
I (119) esp_image: segment 4: paddr=00020020 vaddr=400d0020 size=16950h ( 92496) map
I (155) esp_image: segment 5: paddr=00036978 vaddr=40082458 size=0bbf8h ( 48120) load
I (181) boot: Loaded app from partition at offset 0x10000
I (181) boot: Disabling RNG early entropy source...
I (191) cpu_start: Multicore app
I (199) cpu_start: Pro cpu start user code
I (200) cpu_start: cpu freq: 160000000 Hz
I (200) app_init: Application information:
I (200) app_init: Project name:     mark6_display_probe
I (205) app_init: App version:      8ad9094
I (208) app_init: Compile time:     Sep 21 2026 12:52:20
I (214) app_init: ELF file SHA256:  f2f347c79...
I (218) app_init: ESP-IDF:          8c750b08
I (222) efuse_init: Min chip rev:     v0.0
I (226) efuse_init: Max chip rev:     v3.99 
I (230) efuse_init: Chip rev:         v3.1
I (234) heap_init: Initializing. RAM available for dynamic allocation:
I (240) heap_init: At 3FFAE6E0 len 00001920 (6 KiB): DRAM
I (245) heap_init: At 3FFB2D38 len 0002D2C8 (180 KiB): DRAM
I (250) heap_init: At 3FFE0440 len 00003AE0 (14 KiB): D/IRAM
I (256) heap_init: At 3FFE4350 len 0001BCB0 (111 KiB): D/IRAM
I (261) heap_init: At 4008E050 len 00011FB0 (71 KiB): IRAM
I (268) spi_flash: detected chip: generic
I (270) spi_flash: flash io: dio
I (274) main_task: Started on CPU0
I (284) main_task: Calling app_main()
I (284) SIGNAL_CHECK: Static diagnostic, no display writes, SD or Bluetooth. Boot holds RST LOW.
I (284) SIGNAL_CHECK: Commands: r/c/d/k/m hold named pin low, others high; h all high; l all low.
I (314) SIGNAL_CHECK: phase=r PAD_READBACK RST27=0 CS26=1 DC33=1 SCK14=1 MOSI13=1
