 é•õc31d8h (799192) mapõets Jul 29 2019 12:21:46

rst:0x1 (POWERON_RESET),boot:0x13 (SPI_FAST_FLASH_BOOT)
configsip: 0, SPIWP:0xee
clk_drv:0x00,q_drv:0x00,d_drv:0x00,cs0_drv:0x00,hd_drv:0x00,wp_drv:0x00
mode:DIO, clock div:2
load:0x3fff0030,len:6380
ho 0 tail 12 room 4
load:0x40078000,len:15916
load:0x40080400,len:3860
entry 0x40080638
I (29) boot: ESP-IDF 8c750b08 2nd stage bootloader
I (29) boot: compile time Sep 21 2026 07:23:21
I (29) boot: Multicore bootloader
I (31) boot: chip revision: v3.1
I (34) boot.esp32: SPI Speed      : 40MHz
I (37) boot.esp32: SPI Mode       : DIO
I (41) boot.esp32: SPI Flash Size : 4MB
I (44) boot: Enabling RNG early entropy source...
I (49) boot: Partition Table:
I (51) boot: ## Label            Usage          Type ST Offset   Length
I (58) boot:  0 nvs              WiFi data        01 02 00009000 00006000
I (64) boot:  1 phy_init         RF data          01 01 0000f000 00001000
I (71) boot:  2 factory          factory app      00 00 00010000 00300000
I (77) boot: End of partition table
I (81) esp_image: segment 0: paddr=00010020 vaddr=3f400020 size=347ech (215020) map
I (162) esp_image: segment 1: paddr=00044814 vaddr=3ff80000 size=00020h (    32) load
I (162) esp_image: segment 2: paddr=0004483c vaddr=3ffbdb60 size=04c2ch ( 19500) load
I (173) esp_image: segment 3: paddr=00049470 vaddr=40080000 size=06ba8h ( 27560) load
I (184) esp_image: segment 4: paddr=00050020 vaddr=400d0020 size=c31d8h (799192) map
I (457) esp_image: segment 5: paddr=00113200 vaddr=40086ba8 size=18658h ( 99928) load
I (511) boot: Loaded app from partition at offset 0x10000
I (511) boot: Disabling RNG early entropy source...
I (522) quad_psram: This chip is ESP32-D0WD
I (523) esp_psram: Found 8MB PSRAM device
I (523) esp_psram: Speed: 40MHz
I (523) esp_psram: PSRAM initialized, cache is in low/high (2-core) mode.
W (529) esp_psram: Virtual address not enough for PSRAM, map as much as we can. 4MB is mapped
I (537) cpu_start: Multicore app
I (1445) esp_psram: SPI SRAM memory test OK
I (1454) cpu_start: Pro cpu start user code
I (1454) cpu_start: cpu freq: 240000000 Hz
I (1454) app_init: Application information:
I (1454) app_init: Project name:     mark6_bluetooth_mp3
I (1459) app_init: App version:      8ad9094
I (1463) app_init: Compile time:     Sep 21 2026 07:22:49
I (1468) app_init: ELF file SHA256:  72d7afadb...
I (1472) app_init: ESP-IDF:          8c750b08
I (1477) efuse_init: Min chip rev:     v0.0
I (1480) efuse_init: Max chip rev:     v3.99 
I (1485) efuse_init: Chip rev:         v3.1
I (1489) heap_init: Initializing. RAM available for dynamic allocation:
I (1495) heap_init: At 3FFAFF10 len 000000F0 (0 KiB): DRAM
I (1500) heap_init: At 3FFB6388 len 00001C78 (7 KiB): DRAM
I (1505) heap_init: At 3FFB9A20 len 00004108 (16 KiB): DRAM
I (1511) heap_init: At 3FFCCCB0 len 00013350 (76 KiB): DRAM
I (1516) heap_init: At 3FFE0440 len 00003AE0 (14 KiB): D/IRAM
I (1521) heap_init: At 3FFE4350 len 0001BCB0 (111 KiB): D/IRAM
I (1527) heap_init: At 4009F200 len 00000E00 (3 KiB): IRAM
I (1533) esp_psram: Adding pool of 4096K of PSRAM memory to heap allocator
I (1540) spi_flash: detected chip: generic
I (1542) spi_flash: flash io: dio
I (1547) coexist: coex firmware version: 831ec70
I (1551) main_task: Started on CPU0
I (1561) esp_psram: Reserving pool of 32K of internal memory for DMA/internal allocations
I (1561) main_task: Calling app_main()
I (1561) BT_AV: MARK6_MP3_TEST target=SoundCore 2 file=HIGHER.MP3
I (1561) SD_BENCH: READ_ONLY mount: SCK=18 MOSI=23 MISO=19 CS=25, 4MHz
I (1611) SD_BENCH: CARD_RESET_DONE before initialization
I (1611) sdspi_transaction: cmd=52, R1 response: command not supported
I (1651) sdspi_transaction: cmd=5, R1 response: command not supported
Name: SS32G
Type: SDHC
Speed: 4.00 MHz (limit: 4.00 MHz)
Size: 30436MB
CSD: ver=2, sector_size=512, capacity=62333952 read_bl_len=9
SSR: bus_width=1
I (1871) MP3_BENCH: PREFILLED bytes=69120 gain=-24dB
I (1891) BTDM_INIT: BT controller compile version [b992c7d]
I (1891) BTDM_INIT: Bluetooth MAC: 5c:01:3b:89:24:06
I (1901) phy_init: phy_version 4860,6b7a6e5,Feb  6 2025,14:47:07
I (2391) BT_AV: Own address:[5c:01:3b:89:24:06]
W (2401) BT_BTC: A2DP Enable with AVRC
I (2401) BT_AV: Starting device discovery...
W (2401) BT_AVRC: For AVRCP Target Cateory 1 and 3, SDP record shall contain additional protocol list
I (2411) BT_AV: bt_app_av_sm_hdlr state: 1, event: 0x4
I (2421) BT_AV: event: 10
I (2421) BT_AV: event: 10
I (2421) BT_AV: event: 10
I (2421) BT_AV: ESP_BT_GAP_GET_DEV_NAME_CMPL_EVT device name: Harmony Mark-6
I (2401) main_task: Returned from app_main()
I (2431) BT_AV: Discovery started.
I (4011) BT_AV: Scanned device: f4:2b:7d:5a:35:43
I (4011) BT_AV: --Class of Device: 0x240404
I (4011) BT_AV: --RSSI: -53
I (4011) BT_AV: --Name: SoundCore 2
I (4011) BT_AV: Found a target device, address f4:2b:7d:5a:35:43, name SoundCore 2
I (4021) BT_AV: Cancel device discovery ...
I (4031) BT_AV: Device discovery stopped.
I (4031) BT_AV: a2dp connecting to peer: SoundCore 2
W (4031) BT_APPL: reset flags
I (4041) BT_AV: bt_app_av_sm_hdlr state: 4, event: 0x0
W (4671) BT_HCI: hcif conn complete: hdl 0x80, st 0x0
I (4681) BT_AV: event: 16
I (4761) BT_AV: event: 21
I (4821) BT_AV: bt_app_av_sm_hdlr state: 4, event: 0x2
W (4851) BT_APPL: new conn_srvc id:18, app_id:0
I (4851) BT_AV: bt_app_av_sm_hdlr state: 4, event: 0x0
I (4851) BT_AV: a2dp connected
I (4931) RC_CT: AVRC conn_state event: state 1, [f4:2b:7d:5a:35:43]
I (4931) RC_CT: AVRC remote features 24b, TG features 2
I (4931) RC_CT: remote rn_cap: count 2, bitmask 0x2040
I (9191) RC_CT: AVRC event notification: 13
I (9191) RC_CT: Volume changed: 32
W (12051) BT_HCI: hci cmd send: sniff: hdl 0x80, intv(400 800)
W (12061) BT_HCI: hcif mode change: hdl 0x80, mode 2, intv 800, status 0x0
I (12061) BT_AV: ESP_BT_GAP_MODE_CHG_EVT mode: 2
I (12401) BT_AV: BENCH frames=0 heap=4128876 min_heap=4122640
I (12401) MP3_BENCH: PLAYBACK produced=32256 consumed=0 queued=131072 underrun_bytes=0 max_decode_us=56943 done=0 failed=0
I (12401) BT_AV: bt_app_av_sm_hdlr state: 5, event: 0xff00
I (12411) BT_AV: a2dp media ready checking ...
I (12411) BT_AV: bt_app_av_sm_hdlr state: 5, event: 0x3
I (12411) BT_AV: a2dp media ready, starting ...
W (12421) BT_HCI: hci cmd send: unsniff: hdl 0x80
W (12421) BT_APPL: new conn_srvc id:18, app_id:1
W (12801) BT_HCI: hcif mode change: hdl 0x80, mode 0, intv 0, status 0x0
I (12801) BT_AV: ESP_BT_GAP_MODE_CHG_EVT mode: 0
I (12811) BT_LOG: bta_av_link_role_ok hndl:x41 role:0 conn_audio:x1 bits:1 features:x864b

I (12811) BT_AV: bt_app_av_sm_hdlr state: 5, event: 0x3
I (12811) BT_AV: a2dp media start successfully.
I (12821) BT_AV: bt_app_av_sm_hdlr state: 5, event: 0x1
I (22401) BT_AV: BENCH frames=421888 heap=4128876 min_heap=4118284
I (22401) MP3_BENCH: PLAYBACK produced=453888 consumed=421888 queued=128000 underrun_bytes=0 max_decode_us=78351 done=0 failed=0
I (22401) BT_AV: bt_app_av_sm_hdlr state: 5, event: 0xff00
I (32401) BT_AV: BENCH frames=862464 heap=4128876 min_heap=4118284
I (32401) MP3_BENCH: PLAYBACK produced=895104 consumed=862464 queued=130560 underrun_bytes=0 max_decode_us=79390 done=0 failed=0
I (32401) BT_AV: bt_app_av_sm_hdlr state: 5, event: 0xff00
I (34791) RC_CT: AVRC event notification: 13
I (34791) RC_CT: Volume changed: 40
I (35091) RC_CT: AVRC event notification: 13
I (35091) RC_CT: Volume changed: 48
I (37461) RC_CT: AVRC event notification: 13
I (37461) RC_CT: Volume changed: 56
I (37881) RC_CT: AVRC event notification: 13
I (37881) RC_CT: Volume changed: 64
I (38391) RC_CT: AVRC event notification: 13
I (38391) RC_CT: Volume changed: 72
I (40491) RC_CT: AVRC event notification: 13
I (40491) RC_CT: Volume changed: 80
I (42401) BT_AV: BENCH frames=1304320 heap=4128876 min_heap=4118284
I (42401) MP3_BENCH: PLAYBACK produced=1336320 consumed=1304320 queued=128000 underrun_bytes=0 max_decode_us=81150 done=0 failed=0
I (42411) BT_AV: bt_app_av_sm_hdlr state: 5, event: 0xff00
I (46701) RC_CT: AVRC event notification: 13
I (46701) RC_CT: Volume changed: 88
I (46881) RC_CT: AVRC event notification: 13
I (46881) RC_CT: Volume changed: 96
I (47031) RC_CT: AVRC event notification: 13
I (47031) RC_CT: Volume changed: 104
I (48891) RC_CT: AVRC event notification: 13
I (48891) RC_CT: Volume changed: 96
I (52221) RC_CT: AVRC event notification: 13
I (52221) RC_CT: Volume changed: 88
I (52401) BT_AV: BENCH frames=1744768 heap=4128876 min_heap=4118284
I (52401) MP3_BENCH: PLAYBACK produced=1774080 consumed=1744768 queued=117248 underrun_bytes=0 max_decode_us=81150 done=0 failed=0
I (52401) BT_AV: bt_app_av_sm_hdlr state: 5, event: 0xff00
I (62401) BT_AV: BENCH frames=2185344 heap=4128876 min_heap=4118284
I (62401) MP3_BENCH: PLAYBACK produced=2217600 consumed=2185344 queued=129024 underrun_bytes=0 max_decode_us=81150 done=0 failed=0
I (62411) BT_AV: bt_app_av_sm_hdlr state: 5, event: 0xff00
I (63441) RC_CT: AVRC event notification: 13
I (63441) RC_CT: Volume changed: 80
I (72401) BT_AV: BENCH frames=2627200 heap=4128712 min_heap=4118284
I (72401) MP3_BENCH: PLAYBACK produced=2659968 consumed=2627200 queued=131072 underrun_bytes=0 max_decode_us=81150 done=0 failed=0
I (72411) BT_AV: bt_app_av_sm_hdlr state: 5, event: 0xff00
I (82401) BT_AV: BENCH frames=3067648 heap=4128876 min_heap=4118284
I (82401) MP3_BENCH: PLAYBACK produced=3100032 consumed=3067648 queued=129536 underrun_bytes=0 max_decode_us=81150 done=0 failed=0
I (82401) BT_AV: bt_app_av_sm_hdlr state: 5, event: 0xff00
I (92401) BT_AV: BENCH frames=3508224 heap=4128876 min_heap=4118284
I (92401) MP3_BENCH: PLAYBACK produced=3540096 consumed=3508224 queued=127488 underrun_bytes=0 max_decode_us=81150 done=0 failed=0
I (92411) BT_AV: bt_app_av_sm_hdlr state: 5, event: 0xff00
I (102401) BT_AV: BENCH frames=3950080 heap=4124356 min_heap=4118284
I (102401) MP3_BENCH: PLAYBACK produced=3982464 consumed=3950080 queued=129536 underrun_bytes=0 max_decode_us=81150 done=0 failed=0
I (102411) BT_AV: bt_app_av_sm_hdlr state: 5, event: 0xff00
I (112401) BT_AV: BENCH frames=4390528 heap=4128876 min_heap=4118284
I (112401) MP3_BENCH: PLAYBACK produced=4422528 consumed=4390528 queued=128000 underrun_bytes=0 max_decode_us=81150 done=0 failed=0
I (112401) BT_AV: bt_app_av_sm_hdlr state: 5, event: 0xff00
I (122401) BT_AV: BENCH frames=4831104 heap=4128876 min_heap=4118284
I (122401) MP3_BENCH: PLAYBACK produced=4861440 consumed=4831104 queued=121344 underrun_bytes=0 max_decode_us=81750 done=0 failed=0
I (122401) BT_AV: bt_app_av_sm_hdlr state: 5, event: 0xff00
I (132401) BT_AV: BENCH frames=5272960 heap=4119876 min_heap=4118284
I (132401) MP3_BENCH: PLAYBACK produced=5304960 consumed=5272960 queued=128000 underrun_bytes=0 max_decode_us=81750 done=0 failed=0
I (132401) BT_AV: bt_app_av_sm_hdlr state: 5, event: 0xff00
I (142401) BT_AV: BENCH frames=5713408 heap=4128876 min_heap=4118284
I (142401) MP3_BENCH: PLAYBACK produced=5746176 consumed=5713408 queued=131072 underrun_bytes=0 max_decode_us=81750 done=0 failed=0
I (142401) BT_AV: bt_app_av_sm_hdlr state: 5, event: 0xff00
I (152401) BT_AV: BENCH frames=6153984 heap=4128876 min_heap=4118284
I (152401) MP3_BENCH: PLAYBACK produced=6186240 consumed=6153984 queued=129024 underrun_bytes=0 max_decode_us=81750 done=0 failed=0
I (152411) BT_AV: bt_app_av_sm_hdlr state: 5, event: 0xff00
I (162401) BT_AV: BENCH frames=6595840 heap=4128548 min_heap=4118284
I (162401) MP3_BENCH: PLAYBACK produced=6628608 consumed=6595840 queued=131072 underrun_bytes=0 max_decode_us=81750 done=0 failed=0
I (162411) BT_AV: bt_app_av_sm_hdlr state: 5, event: 0xff00
I (172401) BT_AV: BENCH frames=7036288 heap=4128876 min_heap=4118284
I (172401) MP3_BENCH: PLAYBACK produced=7068672 consumed=7036288 queued=129536 underrun_bytes=0 max_decode_us=81750 done=0 failed=0
I (172401) BT_AV: bt_app_av_sm_hdlr state: 5, event: 0xff00
I (182401) BT_AV: BENCH frames=7476864 heap=4128876 min_heap=4118284
I (182401) MP3_BENCH: PLAYBACK produced=7508736 consumed=7476864 queued=127488 underrun_bytes=0 max_decode_us=81750 done=0 failed=0
I (182411) BT_AV: bt_app_av_sm_hdlr state: 5, event: 0xff00
I (192401) BT_AV: BENCH frames=7918720 heap=4119856 min_heap=4118284
I (192401) MP3_BENCH: PLAYBACK produced=7948800 consumed=7918720 queued=120320 underrun_bytes=0 max_decode_us=81750 done=0 failed=0
I (192401) BT_AV: bt_app_av_sm_hdlr state: 5, event: 0xff00
I (202401) BT_AV: BENCH frames=8359168 heap=4128876 min_heap=4118284
I (202401) MP3_BENCH: PLAYBACK produced=8391168 consumed=8359168 queued=128000 underrun_bytes=0 max_decode_us=85860 done=0 failed=0
I (202401) BT_AV: bt_app_av_sm_hdlr state: 5, event: 0xff00
I (212401) BT_AV: BENCH frames=8799744 heap=4128876 min_heap=4118284
I (212401) MP3_BENCH: PLAYBACK produced=8832384 consumed=8799744 queued=130560 underrun_bytes=0 max_decode_us=85860 done=0 failed=0
I (212401) BT_AV: bt_app_av_sm_hdlr state: 5, event: 0xff00
I (222401) BT_AV: BENCH frames=9241600 heap=4119876 min_heap=4118284
I (222401) MP3_BENCH: PLAYBACK produced=9273600 consumed=9241600 queued=128000 underrun_bytes=0 max_decode_us=85860 done=0 failed=0
I (222401) BT_AV: bt_app_av_sm_hdlr state: 5, event: 0xff00
I (232401) BT_AV: BENCH frames=9682048 heap=4128876 min_heap=4118284
I (232401) MP3_BENCH: PLAYBACK produced=9714816 consumed=9682048 queued=131072 underrun_bytes=0 max_decode_us=85860 done=0 failed=0
I (232401) BT_AV: bt_app_av_sm_hdlr state: 5, event: 0xff00
I (242401) BT_AV: BENCH frames=10122624 heap=4128876 min_heap=4118284
I (242401) MP3_BENCH: PLAYBACK produced=10154880 consumed=10122624 queued=129024 underrun_bytes=0 max_decode_us=85860 done=0 failed=0
I (242411) BT_AV: bt_app_av_sm_hdlr state: 5, event: 0xff00
I (252401) BT_AV: BENCH frames=10564352 heap=4119876 min_heap=4118284
I (252401) MP3_BENCH: PLAYBACK produced=10596096 consumed=10564352 queued=126976 underrun_bytes=0 max_decode_us=85860 done=0 failed=0
I (252401) BT_AV: bt_app_av_sm_hdlr state: 5, event: 0xff00
I (262401) BT_AV: BENCH frames=11004928 heap=4128876 min_heap=4118284

***ERROR*** A stack overflow in task Tmr Svc has been detected.


Backtrace: 0x40082288:0x3ffbc830 0x40094611:0x3ffbc850 0x400954e6:0x3ffbc870 0x4009702f:0x3ffbc8f0 0x400955f0:0x3ffbc910 0x400955a2:0xa5a5a5a5 |<-CORRUPTED




ELF file SHA256: 72d7afadb

Rebooting...
ets Jul 29 2019 12:21:46

rst:0xc (SW_CPU_RESET),boot:0x13 (SPI_FAST_FLASH_BOOT)
configsip: 0, SPIWP:0xee
clk_drv:0x00,q_drv:0x00,d_drv:0x00,cs0_drv:0x00,hd_drv:0x00,wp_drv:0x00
mode:DIO, clock div:2
load:0x3fff0030,len:6380
ho 0 tail 12 room 4
load:0x40078000,len:15916
load:0x40080400,len:3860
entry 0x40080638
I (29) boot: ESP-IDF 8c750b08 2nd stage bootloader
I (29) boot: compile time Sep 21 2026 07:23:21
I (29) boot: Multicore bootloader
I (31) boot: chip revision: v3.1
I (33) boot.esp32: SPI Speed      : 40MHz
I (37) boot.esp32: SPI Mode       : DIO
I (41) boot.esp32: SPI Flash Size : 4MB
I (44) boot: Enabling RNG early entropy source...
I (49) boot: Partition Table:
I (51) boot: ## Label            Usage          Type ST Offset   Length
I (58) boot:  0 nvs              WiFi data        01 02 00009000 00006000
I (64) boot:  1 phy_init         RF data          01 01 0000f000 00001000
I (71) boot:  2 factory          factory app      00 00 00010000 00300000
I (77) boot: End of partition table
I (81) esp_image: segment 0: paddr=00010020 vaddr=3f400020 size=347ech (215020) map
I (162) esp_image: segment 1: paddr=00044814 vaddr=3ff80000 size=00020h (    32) load
I (162) esp_image: segment 2: paddr=0004483c vaddr=3ffbdb60 size=04c2ch ( 19500) load
I (173) esp_image: segment 3: paddr=00049470 vaddr=40080000 size=06ba8h ( 27560) load
I (184) esp_image: segment 4: paddr=00050020 vaddr=400d0020 size=c31d8h (799192) map
I (457) esp_image: segment 5: paddr=00113200 vaddr=40086ba8 size=18658h ( 99928) load
I (511) boot: Loaded app from partition at offset 0x10000
I (511) boot: Disabling RNG early entropy source...
I (522) quad_psram: This chip is ESP32-D0WD
I (523) esp_psram: Found 8MB PSRAM device
I (523) esp_psram: Speed: 40MHz
I (523) esp_psram: PSRAM initialized, cache is in low/high (2-core) mode.
W (529) esp_psram: Virtual address not enough for PSRAM, map as much as we can. 4MB is mapped
I (537) cpu_start: Multicore app
I (1445) esp_psram: SPI SRAM memory test OK
I (1453) cpu_start: Pro cpu start user code
I (1453) cpu_start: cpu freq: 240000000 Hz
I (1454) app_init: Application information:
I (1454) app_init: Project name:     mark6_bluetooth_mp3
I (1459) app_init: App version:      8ad9094
I (1463) app_init: Compile time:     Sep 21 2026 07:22:49
I (1468) app_init: ELF file SHA256:  72d7afadb...
I (1472) app_init: ESP-IDF:          8c750b08
I (1476) efuse_init: Min chip rev:     v0.0
I (1480) efuse_init: Max chip rev:     v3.99 
I (1484) efuse_init: Chip rev:         v3.1
I (1489) heap_init: Initializing. RAM available for dynamic allocation:
I (1495) heap_init: At 3FFAFF10 len 000000F0 (0 KiB): DRAM
I (1500) heap_init: At 3FFB6388 len 00001C78 (7 KiB): DRAM
I (1505) heap_init: At 3FFB9A20 len 00004108 (16 KiB): DRAM
I (1510) heap_init: At 3FFCCCB0 len 00013350 (76 KiB): DRAM
I (1516) heap_init: At 3FFE0440 len 00003AE0 (14 KiB): D/IRAM
I (1521) heap_init: At 3FFE4350 len 0001BCB0 (111 KiB): D/IRAM
I (1527) heap_init: At 4009F200 len 00000E00 (3 KiB): IRAM
I (1532) esp_psram: Adding pool of 4096K of PSRAM memory to heap allocator
I (1540) spi_flash: detected chip: generic
I (1542) spi_flash: flash io: dio
I (1546) coexist: coex firmware version: 831ec70
I (1551) main_task: Started on CPU0
I (1561) esp_psram: Reserving pool of 32K of internal memory for DMA/internal allocations
I (1561) main_task: Calling app_main()
I (1561) BT_AV: MARK6_MP3_TEST target=SoundCore 2 file=HIGHER.MP3
I (1561) SD_BENCH: READ_ONLY mount: SCK=18 MOSI=23 MISO=19 CS=25, 4MHz
I (1611) SD_BENCH: CARD_RESET_DONE before initialization
I (1651) sdspi_transaction: cmd=52, R1 response: command not supported
I (1691) sdspi_transaction: cmd=5, R1 response: command not supported
Name: SS32G
Type: SDHC
Speed: 4.00 MHz (limit: 4.00 MHz)
Size: 30436MB
CSD: ver=2, sector_size=512, capacity=62333952 read_bl_len=9
SSR: bus_width=1
I (1911) MP3_BENCH: PREFILLED bytes=69120 gain=-24dB
I (1931) BTDM_INIT: BT controller compile version [b992c7d]
I (1931) BTDM_INIT: Bluetooth MAC: 5c:01:3b:89:24:06
I (1931) phy_init: phy_version 4860,6b7a6e5,Feb  6 2025,14:47:07
I (2011) phy_init: Saving new calibration data due to checksum failure or outdated calibration data, mode(0)
I (2451) BT_AV: Own address:[5c:01:3b:89:24:06]
I (2461) BT_AV: Starting device discovery...
E (2461) RC_CT: Invalid AVRC event: 10
W (2461) BT_BTC: A2DP Enable with AVRC
W (2461) BT_AVRC: For AVRCP Target Cateory 1 and 3, SDP record shall contain additional protocol list
I (2481) BT_AV: bt_app_av_sm_hdlr state: 1, event: 0x4
I (2481) BT_AV: event: 10
I (2491) BT_AV: event: 10
I (2491) BT_AV: event: 10
I (2491) BT_AV: event: 10
I (2491) BT_AV: ESP_BT_GAP_GET_DEV_NAME_CMPL_EVT device name: Harmony Mark-6
I (2491) BT_AV: Discovery started.
I (2491) main_task: Returned from app_main()
I (12441) BT_AV: Scanned device: f4:2b:7d:5a:35:43
I (12451) BT_AV: --Class of Device: 0x240404
I (12451) BT_AV: --RSSI: -49
I (12451) BT_AV: --Name: SoundCore 2
I (12451) BT_AV: Found a target device, address f4:2b:7d:5a:35:43, name SoundCore 2
I (12461) BT_AV: Cancel device discovery ...
I (12461) BT_AV: BENCH frames=0 heap=4130056 min_heap=4125260
I (12461) BT_AV: Device discovery stopped.
I (12471) MP3_BENCH: PLAYBACK produced=32256 consumed=0 queued=131072 underrun_bytes=0 max_decode_us=56955 done=0 failed=0
I (12471) BT_AV: a2dp connecting to peer: SoundCore 2
I (12481) BT_AV: bt_app_av_sm_hdlr state: 4, event: 0xff00
W (12491) BT_APPL: reset flags
I (12491) BT_AV: bt_app_av_sm_hdlr state: 4, event: 0x0
W (14421) BT_HCI: hcif conn complete: hdl 0x80, st 0x0
I (14421) BT_AV: event: 16
I (14481) BT_AV: event: 21
I (14541) BT_AV: bt_app_av_sm_hdlr state: 4, event: 0x2
W (14571) BT_APPL: new conn_srvc id:18, app_id:0
I (14571) BT_AV: bt_app_av_sm_hdlr state: 4, event: 0x0
I (14571) BT_AV: a2dp connected
I (14671) RC_CT: AVRC conn_state event: state 1, [f4:2b:7d:5a:35:43]
I (14671) RC_CT: AVRC remote features 24b, TG features 2
I (14681) RC_CT: remote rn_cap: count 2, bitmask 0x2040
I (18921) RC_CT: AVRC event notification: 13
I (18921) RC_CT: Volume changed: 80
W (21771) BT_HCI: hci cmd send: sniff: hdl 0x80, intv(400 800)
W (21781) BT_HCI: hcif mode change: hdl 0x80, mode 2, intv 800, status 0x0
I (21781) BT_AV: ESP_BT_GAP_MODE_CHG_EVT mode: 2
I (22461) BT_AV: BENCH frames=0 heap=4128968 min_heap=4122744
I (22461) MP3_BENCH: PLAYBACK produced=32256 consumed=0 queued=131072 underrun_bytes=0 max_decode_us=56955 done=0 failed=0
I (22461) BT_AV: bt_app_av_sm_hdlr state: 5, event: 0xff00
I (22471) BT_AV: a2dp media ready checking ...
I (22471) BT_AV: bt_app_av_sm_hdlr state: 5, event: 0x3
I (22471) BT_AV: a2dp media ready, starting ...
W (22481) BT_HCI: hci cmd send: unsniff: hdl 0x80
W (22481) BT_APPL: new conn_srvc id:18, app_id:1
W (22861) BT_HCI: hcif mode change: hdl 0x80, mode 0, intv 0, status 0x0
I (22871) BT_AV: ESP_BT_GAP_MODE_CHG_EVT mode: 0
I (22871) BT_LOG: bta_av_link_role_ok hndl:x41 role:0 conn_audio:x1 bits:1 features:x864b

I (22871) BT_AV: bt_app_av_sm_hdlr state: 5, event: 0x3
I (22881) BT_AV: a2dp media start successfully.
I (22881) BT_AV: bt_app_av_sm_hdlr state: 5, event: 0x1
I (32461) BT_AV: BENCH frames=421888 heap=4128968 min_heap=4118388
I (32461) MP3_BENCH: PLAYBACK produced=453888 consumed=421888 queued=128000 underrun_bytes=0 max_decode_us=78442 done=0 failed=0
I (32461) BT_AV: bt_app_av_sm_hdlr state: 5, event: 0xff00
I (42461) BT_AV: BENCH frames=862464 heap=4128968 min_heap=4118388
I (42461) MP3_BENCH: PLAYBACK produced=895104 consumed=862464 queued=130560 underrun_bytes=0 max_decode_us=79412 done=0 failed=0
I (42461) BT_AV: bt_app_av_sm_hdlr state: 5, event: 0xff00
I (52461) BT_AV: BENCH frames=1304320 heap=4128968 min_heap=4118388
I (52461) MP3_BENCH: PLAYBACK produced=1336320 consumed=1304320 queued=128000 underrun_bytes=0 max_decode_us=80625 done=0 failed=0
I (52471) BT_AV: bt_app_av_sm_hdlr state: 5, event: 0xff00
I (62461) BT_AV: BENCH frames=1744768 heap=4128968 min_heap=4118388
I (62461) MP3_BENCH: PLAYBACK produced=1774080 consumed=1744768 queued=117248 underrun_bytes=0 max_decode_us=80625 done=0 failed=0
I (62461) BT_AV: bt_app_av_sm_hdlr state: 5, event: 0xff00
I (72461) BT_AV: BENCH frames=2185344 heap=4128968 min_heap=4118388
I (72461) MP3_BENCH: PLAYBACK produced=2217600 consumed=2185344 queued=129024 underrun_bytes=0 max_decode_us=80625 done=0 failed=0
I (72461) BT_AV: bt_app_av_sm_hdlr state: 5, event: 0xff00
I (82461) BT_AV: BENCH frames=2627072 heap=4119980 min_heap=4118388
I (82461) MP3_BENCH: PLAYBACK produced=2659968 consumed=2627200 queued=131072 underrun_bytes=0 max_decode_us=80625 done=0 failed=0
I (82471) BT_AV: bt_app_av_sm_hdlr state: 5, event: 0xff00
I (92461) BT_AV: BENCH frames=3067648 heap=4128968 min_heap=4118388
I (92461) MP3_BENCH: PLAYBACK produced=3100032 consumed=3067648 queued=129536 underrun_bytes=0 max_decode_us=80625 done=0 failed=0
I (92461) BT_AV: bt_app_av_sm_hdlr state: 5, event: 0xff00
I (102461) BT_AV: BENCH frames=3508224 heap=4128968 min_heap=4118388
I (102461) MP3_BENCH: PLAYBACK produced=3540096 consumed=3508224 queued=127488 underrun_bytes=0 max_decode_us=80625 done=0 failed=0
I (102461) BT_AV: bt_app_av_sm_hdlr state: 5, event: 0xff00
