ets Jul 29 2019 12:21:46

rst:0x1 (POWERON_RESET),boot:0x13 (SPI_FAST_FLASH_BOOT)
configsip: 0, SPIWP:0xee
clk_drv:0x00,q_drv:0x00,d_drv:0x00,cs0_drv:0x00,hd_drv:0x00,wp_drv:0x00
mode:DIO, clock div:2
load:0x3fff0030,len:6380
ho 0 tail 12 room 4
load:0x40078000,len:15916
load:0x40080400,len:3860
entry 0x40080638
I (29) boot: ESP-IDF 8c750b08 2nd stage bootloader
I (29) boot: compile time Sep 21 2026 07:23:21
I (29) boot: Multicore bootloader
I (31) boot: chip revision: v3.1
I (34) boot.esp32: SPI Speed      : 40MHz
I (37) boot.esp32: SPI Mode       : DIO
I (41) boot.esp32: SPI Flash Size : 4MB
I (44) boot: Enabling RNG early entropy source...
I (49) boot: Partition Table:
I (51) boot: ## Label            Usage          Type ST Offset   Length
I (58) boot:  0 nvs              WiFi data        01 02 00009000 00006000
I (64) boot:  1 phy_init         RF data          01 01 0000f000 00001000
I (71) boot:  2 factory          factory app      00 00 00010000 00300000
I (77) boot: End of partition table
I (81) esp_image: segment 0: paddr=00010020 vaddr=3f400020 size=347ach (214956) map
I (162) esp_image: segment 1: paddr=000447d4 vaddr=3ff80000 size=00020h (    32) load
I (162) esp_image: segment 2: paddr=000447fc vaddr=3ffbdb60 size=04c2ch ( 19500) load
I (173) esp_image: segment 3: paddr=00049430 vaddr=40080000 size=06be8h ( 27624) load
I (184) esp_image: segment 4: paddr=00050020 vaddr=400d0020 size=c314ch (799052) map
I (457) esp_image: segment 5: paddr=00113174 vaddr=40086be8 size=18618h ( 99864) load
I (511) boot: Loaded app from partition at offset 0x10000
I (511) boot: Disabling RNG early entropy source...
I (522) quad_psram: This chip is ESP32-D0WD
I (523) esp_psram: Found 8MB PSRAM device
I (523) esp_psram: Speed: 40MHz
I (524) esp_psram: PSRAM initialized, cache is in low/high (2-core) mode.
W (529) esp_psram: Virtual address not enough for PSRAM, map as much as we can. 4MB is mapped
I (537) cpu_start: Multicore app
I (1446) esp_psram: SPI SRAM memory test OK
I (1454) cpu_start: Pro cpu start user code
I (1454) cpu_start: cpu freq: 240000000 Hz
I (1454) app_init: Application information:
I (1454) app_init: Project name:     mark6_bluetooth_mp3
I (1459) app_init: App version:      8ad9094
I (1463) app_init: Compile time:     Sep 21 2026 07:22:49
I (1468) app_init: ELF file SHA256:  c026b540d...
I (1473) app_init: ESP-IDF:          8c750b08
I (1477) efuse_init: Min chip rev:     v0.0
I (1481) efuse_init: Max chip rev:     v3.99 
I (1485) efuse_init: Chip rev:         v3.1
I (1489) heap_init: Initializing. RAM available for dynamic allocation:
I (1495) heap_init: At 3FFAFF10 len 000000F0 (0 KiB): DRAM
I (1500) heap_init: At 3FFB6388 len 00001C78 (7 KiB): DRAM
I (1505) heap_init: At 3FFB9A20 len 00004108 (16 KiB): DRAM
I (1511) heap_init: At 3FFCCCB0 len 00013350 (76 KiB): DRAM
I (1516) heap_init: At 3FFE0440 len 00003AE0 (14 KiB): D/IRAM
I (1521) heap_init: At 3FFE4350 len 0001BCB0 (111 KiB): D/IRAM
I (1527) heap_init: At 4009F200 len 00000E00 (3 KiB): IRAM
I (1533) esp_psram: Adding pool of 4096K of PSRAM memory to heap allocator
I (1540) spi_flash: detected chip: generic
I (1543) spi_flash: flash io: dio
I (1547) coexist: coex firmware version: 831ec70
I (1551) main_task: Started on CPU0
I (1561) esp_psram: Reserving pool of 32K of internal memory for DMA/internal allocations
I (1561) main_task: Calling app_main()
I (1561) BT_AV: MARK6_MP3_TEST target=SoundCore 2 file=HIGHER.MP3
I (1561) SD_BENCH: READ_ONLY mount: SCK=18 MOSI=23 MISO=19 CS=25, 4MHz
I (1571) sdspi_transaction: cmd=52, R1 response: command CRC error
E (1581) sdmmc_io: sdmmc_io_reset: unexpected return: 0x109
E (1581) vfs_fat_sdmmc: sdmmc_card_init failed (0x109).
E (1591) SD_BENCH: Mount failed: ESP_ERR_INVALID_CRC; no formatting attempted
E (1591) BT_AV: Audio preparation failed; Bluetooth will remain off
I (1601) main_task: Returned from app_main()
