ets Jul 29 2019 12:21:46

rst:0x1 (POWERON_RESET),boot:0x13 (SPI_FAST_FLASH_BOOT)
configsip: 0, SPIWP:0xee
clk_drv:0x00,q_drv:0x00,d_drv:0x00,cs0_drv:0x00,hd_drv:0x00,wp_drv:0x00
mode:DIO, clock div:2
load:0x3fff0030,len:6380
ho 0 tail 12 room 4
load:0x40078000,len:15916
load:0x40080400,len:3860
entry 0x40080638
I (29) boot: ESP-IDF 8c750b08 2nd stage bootloader
I (29) boot: compile time Sep 21 2026 07:23:21
I (29) boot: Multicore bootloader
I (31) boot: chip revision: v3.1
I (34) boot.esp32: SPI Speed      : 40MHz
I (37) boot.esp32: SPI Mode       : DIO
I (41) boot.esp32: SPI Flash Size : 4MB
I (44) boot: Enabling RNG early entropy source...
I (49) boot: Partition Table:
I (51) boot: ## Label            Usage          Type ST Offset   Length
I (58) boot:  0 nvs              WiFi data        01 02 00009000 00006000
I (64) boot:  1 phy_init         RF data          01 01 0000f000 00001000
I (71) boot:  2 factory          factory app      00 00 00010000 00300000
I (77) boot: End of partition table
I (81) esp_image: segment 0: paddr=00010020 vaddr=3f400020 size=3485ch (215132) map
I (162) esp_image: segment 1: paddr=00044884 vaddr=3ff80000 size=00020h (    32) load
I (162) esp_image: segment 2: paddr=000448ac vaddr=3ffbdb60 size=04c2ch ( 19500) load
I (173) esp_image: segment 3: paddr=000494e0 vaddr=40080000 size=06b38h ( 27448) load
I (184) esp_image: segment 4: paddr=00050020 vaddr=400d0020 size=c3204h (799236) map
I (457) esp_image: segment 5: paddr=0011322c vaddr=40086b38 size=18724h (100132) load
I (511) boot: Loaded app from partition at offset 0x10000
I (511) boot: Disabling RNG early entropy source...
I (522) quad_psram: This chip is ESP32-D0WD
I (524) esp_psram: Found 8MB PSRAM device
I (524) esp_psram: Speed: 40MHz
I (524) esp_psram: PSRAM initialized, cache is in low/high (2-core) mode.
W (529) esp_psram: Virtual address not enough for PSRAM, map as much as we can. 4MB is mapped
I (537) cpu_start: Multicore app
I (1446) esp_psram: SPI SRAM memory test OK
I (1454) cpu_start: Pro cpu start user code
I (1454) cpu_start: cpu freq: 240000000 Hz
I (1454) app_init: Application information:
I (1454) app_init: Project name:     mark6_bluetooth_mp3
I (1459) app_init: App version:      8ad9094
I (1463) app_init: Compile time:     Sep 21 2026 07:22:49
I (1468) app_init: ELF file SHA256:  e361449ca...
I (1473) app_init: ESP-IDF:          8c750b08
I (1477) efuse_init: Min chip rev:     v0.0
I (1481) efuse_init: Max chip rev:     v3.99 
I (1485) efuse_init: Chip rev:         v3.1
I (1489) heap_init: Initializing. RAM available for dynamic allocation:
I (1495) heap_init: At 3FFAFF10 len 000000F0 (0 KiB): DRAM
I (1500) heap_init: At 3FFB6388 len 00001C78 (7 KiB): DRAM
I (1505) heap_init: At 3FFB9A20 len 00004108 (16 KiB): DRAM
I (1511) heap_init: At 3FFCCCB0 len 00013350 (76 KiB): DRAM
I (1516) heap_init: At 3FFE0440 len 00003AE0 (14 KiB): D/IRAM
I (1522) heap_init: At 3FFE4350 len 0001BCB0 (111 KiB): D/IRAM
I (1527) heap_init: At 4009F25C len 00000DA4 (3 KiB): IRAM
I (1533) esp_psram: Adding pool of 4096K of PSRAM memory to heap allocator
I (1540) spi_flash: detected chip: generic
I (1543) spi_flash: flash io: dio
I (1547) coexist: coex firmware version: 831ec70
I (1551) main_task: Started on CPU0
I (1561) esp_psram: Reserving pool of 32K of internal memory for DMA/internal allocations
I (1561) main_task: Calling app_main()
I (1561) BT_AV: MARK6_MP3_TEST target=SoundCore 2 file=HIGHER.MP3
I (1561) SD_BENCH: READ_ONLY mount: SCK=18 MOSI=23 MISO=19 CS=25, 4MHz
I (1611) SD_BENCH: CARD_RESET_DONE before initialization
I (1611) sdspi_transaction: cmd=52, R1 response: command not supported
I (1651) sdspi_transaction: cmd=5, R1 response: command not supported
Name: SS32G
Type: SDHC
Speed: 4.00 MHz (limit: 4.00 MHz)
Size: 30436MB
CSD: ver=2, sector_size=512, capacity=62333952 read_bl_len=9
SSR: bus_width=1
I (1881) MP3_BENCH: PREFILLED bytes=78336 gain=-24dB
I (1901) BTDM_INIT: BT controller compile version [b992c7d]
I (1901) BTDM_INIT: Bluetooth MAC: 5c:01:3b:89:24:06
I (1901) phy_init: phy_version 4860,6b7a6e5,Feb  6 2025,14:47:07
I (2401) BT_AV: Own address:[5c:01:3b:89:24:06]
I (2411) BT_AV: Starting device discovery...
W (2411) BT_BTC: A2DP Enable with AVRC
W (2411) BT_AVRC: For AVRCP Target Cateory 1 and 3, SDP record shall contain additional protocol list
I (2421) BT_AV: bt_app_av_sm_hdlr state: 1, event: 0x4
I (2431) BT_AV: event: 10
I (2431) BT_AV: event: 10
I (2431) BT_AV: event: 10
I (2431) BT_AV: ESP_BT_GAP_GET_DEV_NAME_CMPL_EVT device name: Harmony Mark-6
I (2431) main_task: Returned from app_main()
I (2441) BT_AV: Discovery started.
I (7401) BT_AV: Scanned device: f4:2b:7d:5a:35:43
I (7401) BT_AV: --Class of Device: 0x240404
I (7401) BT_AV: --RSSI: -51
I (7401) BT_AV: --Name: SoundCore 2
I (7401) BT_AV: Found a target device, address f4:2b:7d:5a:35:43, name SoundCore 2
I (7411) BT_AV: Cancel device discovery ...
I (7411) BT_AV: Device discovery stopped.
I (7421) BT_AV: a2dp connecting to peer: SoundCore 2
W (7421) BT_APPL: reset flags
I (7431) BT_AV: bt_app_av_sm_hdlr state: 4, event: 0x0
W (9341) BT_HCI: hcif conn complete: hdl 0x80, st 0x0
I (9351) BT_AV: event: 16
I (9431) BT_AV: event: 21
I (9501) BT_AV: bt_app_av_sm_hdlr state: 4, event: 0x2
W (9521) BT_APPL: new conn_srvc id:18, app_id:0
I (9531) BT_AV: bt_app_av_sm_hdlr state: 4, event: 0x0
I (9531) BT_AV: a2dp connected
I (9601) RC_CT: AVRC conn_state event: state 1, [f4:2b:7d:5a:35:43]
I (9601) RC_CT: AVRC remote features 24b, TG features 2
I (9611) RC_CT: remote rn_cap: count 2, bitmask 0x2040
I (12411) BT_AV: BENCH frames=0 heap=4128912 min_heap=4122664
I (12411) MP3_BENCH: PLAYBACK produced=32256 consumed=0 queued=131072 underrun_bytes=0 max_decode_us=56587 done=0 failed=0
I (12411) BT_AV: STACK_FREE_MIN app=4132 timer=1292
I (12421) BT_AV: bt_app_av_sm_hdlr state: 5, event: 0xff00
I (12421) BT_AV: a2dp media ready checking ...
I (12431) BT_AV: bt_app_av_sm_hdlr state: 5, event: 0x3
I (12431) BT_AV: a2dp media ready, starting ...
W (12441) BT_APPL: new conn_srvc id:18, app_id:1
I (12451) BT_LOG: bta_av_link_role_ok hndl:x41 role:0 conn_audio:x1 bits:1 features:x864b

I (12451) BT_AV: bt_app_av_sm_hdlr state: 5, event: 0x3
I (12451) BT_AV: a2dp media start successfully.
I (12461) BT_AV: bt_app_av_sm_hdlr state: 5, event: 0x1
I (13461) RC_CT: AVRC event notification: 13
I (13461) RC_CT: Volume changed: 81
I (13561) RC_CT: AVRC event notification: 13
I (13561) RC_CT: Volume changed: 80
I (22411) BT_AV: BENCH frames=437760 heap=4128912 min_heap=4118308
I (22411) MP3_BENCH: PLAYBACK produced=470016 consumed=437760 queued=129024 underrun_bytes=0 max_decode_us=78420 done=0 failed=0
I (22411) BT_AV: STACK_FREE_MIN app=4116 timer=1292
I (22421) BT_AV: bt_app_av_sm_hdlr state: 5, event: 0xff00
I (32411) BT_AV: BENCH frames=879360 heap=4119924 min_heap=4118308
I (32411) MP3_BENCH: PLAYBACK produced=911232 consumed=879360 queued=127488 underrun_bytes=0 max_decode_us=79403 done=0 failed=0
I (32411) BT_AV: STACK_FREE_MIN app=4116 timer=1292
I (32421) BT_AV: bt_app_av_sm_hdlr state: 5, event: 0xff00
I (42411) BT_AV: BENCH frames=1320192 heap=4128912 min_heap=4118308
I (42411) MP3_BENCH: PLAYBACK produced=1352448 consumed=1320192 queued=129024 underrun_bytes=0 max_decode_us=80680 done=0 failed=0
I (42411) BT_AV: STACK_FREE_MIN app=4116 timer=1292
I (42421) BT_AV: bt_app_av_sm_hdlr state: 5, event: 0xff00
I (52411) BT_AV: BENCH frames=1760640 heap=4128912 min_heap=4118308
I (52411) MP3_BENCH: PLAYBACK produced=1792512 consumed=1760640 queued=127488 underrun_bytes=0 max_decode_us=80680 done=0 failed=0
I (52411) BT_AV: STACK_FREE_MIN app=4116 timer=1292
I (52421) BT_AV: bt_app_av_sm_hdlr state: 5, event: 0xff00
I (62411) BT_AV: BENCH frames=2202496 heap=4128912 min_heap=4118308
I (62411) MP3_BENCH: PLAYBACK produced=2234880 consumed=2202496 queued=129536 underrun_bytes=0 max_decode_us=80680 done=0 failed=0
I (62421) BT_AV: STACK_FREE_MIN app=4116 timer=1292
I (62421) BT_AV: bt_app_av_sm_hdlr state: 5, event: 0xff00
I (72411) BT_AV: BENCH frames=2643072 heap=4128912 min_heap=4118308
I (72411) MP3_BENCH: PLAYBACK produced=2672640 consumed=2643072 queued=118272 underrun_bytes=0 max_decode_us=80680 done=0 failed=0
I (72411) BT_AV: STACK_FREE_MIN app=4116 timer=1292
I (72421) BT_AV: bt_app_av_sm_hdlr state: 5, event: 0xff00
I (82411) BT_AV: BENCH frames=3083520 heap=4128912 min_heap=4118308
I (82411) MP3_BENCH: PLAYBACK produced=3116160 consumed=3083520 queued=130560 underrun_bytes=0 max_decode_us=80680 done=0 failed=0
I (82411) BT_AV: STACK_FREE_MIN app=4116 timer=1292
I (82421) BT_AV: bt_app_av_sm_hdlr state: 5, event: 0xff00
I (92411) BT_AV: BENCH frames=3525376 heap=4119892 min_heap=4118308
I (92411) MP3_BENCH: PLAYBACK produced=3557376 consumed=3525376 queued=128000 underrun_bytes=0 max_decode_us=80680 done=0 failed=0
I (92411) BT_AV: STACK_FREE_MIN app=4116 timer=1292
I (92421) BT_AV: bt_app_av_sm_hdlr state: 5, event: 0xff00
I (102411) BT_AV: BENCH frames=3965952 heap=4128912 min_heap=4118308
I (102411) MP3_BENCH: PLAYBACK produced=3998592 consumed=3965952 queued=130560 underrun_bytes=0 max_decode_us=80680 done=0 failed=0
I (102411) BT_AV: STACK_FREE_MIN app=4116 timer=1292
I (102421) BT_AV: bt_app_av_sm_hdlr state: 5, event: 0xff00
I (112411) BT_AV: BENCH frames=4406400 heap=4128912 min_heap=4118308
I (112411) MP3_BENCH: PLAYBACK produced=4438656 consumed=4406400 queued=129024 underrun_bytes=0 max_decode_us=80680 done=0 failed=0
I (112411) BT_AV: STACK_FREE_MIN app=4116 timer=1292
I (112421) BT_AV: bt_app_av_sm_hdlr state: 5, event: 0xff00
I (122411) BT_AV: BENCH frames=4848000 heap=4119924 min_heap=4118308
I (122411) MP3_BENCH: PLAYBACK produced=4879872 consumed=4848128 queued=126976 underrun_bytes=0 max_decode_us=80680 done=0 failed=0
I (122411) BT_AV: STACK_FREE_MIN app=4116 timer=1292
I (122421) BT_AV: bt_app_av_sm_hdlr state: 5, event: 0xff00
I (132411) BT_AV: BENCH frames=5288832 heap=4128912 min_heap=4118308
I (132411) MP3_BENCH: PLAYBACK produced=5321088 consumed=5288832 queued=129024 underrun_bytes=0 max_decode_us=80680 done=0 failed=0
I (132411) BT_AV: STACK_FREE_MIN app=4116 timer=1292
I (132421) BT_AV: bt_app_av_sm_hdlr state: 5, event: 0xff00
I (142411) BT_AV: BENCH frames=5729280 heap=4128912 min_heap=4118308
I (142411) MP3_BENCH: PLAYBACK produced=5760000 consumed=5729280 queued=122880 underrun_bytes=0 max_decode_us=80680 done=0 failed=0
I (142411) BT_AV: STACK_FREE_MIN app=4116 timer=1292
I (142421) BT_AV: bt_app_av_sm_hdlr state: 5, event: 0xff00
I (152411) BT_AV: BENCH frames=6171136 heap=4124524 min_heap=4118308
I (152411) MP3_BENCH: PLAYBACK produced=6203520 consumed=6171136 queued=129536 underrun_bytes=0 max_decode_us=88229 done=0 failed=0
I (152421) BT_AV: STACK_FREE_MIN app=4116 timer=1292
I (152421) BT_AV: bt_app_av_sm_hdlr state: 5, event: 0xff00
I (162411) BT_AV: BENCH frames=6611712 heap=4128912 min_heap=4118308
I (162411) MP3_BENCH: PLAYBACK produced=6643584 consumed=6611712 queued=127488 underrun_bytes=0 max_decode_us=88229 done=0 failed=0
I (162411) BT_AV: STACK_FREE_MIN app=4116 timer=1292
I (162421) BT_AV: bt_app_av_sm_hdlr state: 5, event: 0xff00
I (172411) BT_AV: BENCH frames=7052160 heap=4128912 min_heap=4118308
I (172411) MP3_BENCH: PLAYBACK produced=7084800 consumed=7052160 queued=130560 underrun_bytes=0 max_decode_us=88229 done=0 failed=0
I (172411) BT_AV: STACK_FREE_MIN app=4116 timer=1292
I (172421) BT_AV: bt_app_av_sm_hdlr state: 5, event: 0xff00
I (182411) BT_AV: BENCH frames=7494016 heap=4119892 min_heap=4118308
I (182411) MP3_BENCH: PLAYBACK produced=7526016 consumed=7494016 queued=128000 underrun_bytes=0 max_decode_us=88229 done=0 failed=0
I (182411) BT_AV: STACK_FREE_MIN app=4116 timer=1292
I (182421) BT_AV: bt_app_av_sm_hdlr state: 5, event: 0xff00
I (192411) BT_AV: BENCH frames=7934592 heap=4128912 min_heap=4118308
I (192411) MP3_BENCH: PLAYBACK produced=7967232 consumed=7934592 queued=130560 underrun_bytes=0 max_decode_us=88229 done=0 failed=0
I (192411) BT_AV: STACK_FREE_MIN app=4116 timer=1292
I (192421) BT_AV: bt_app_av_sm_hdlr state: 5, event: 0xff00
I (202411) BT_AV: BENCH frames=8375040 heap=4128912 min_heap=4118308
I (202411) MP3_BENCH: PLAYBACK produced=8407296 consumed=8375040 queued=129024 underrun_bytes=0 max_decode_us=88229 done=0 failed=0
I (202411) BT_AV: STACK_FREE_MIN app=4116 timer=1292
I (202421) BT_AV: bt_app_av_sm_hdlr state: 5, event: 0xff00
I (212411) BT_AV: BENCH frames=8816896 heap=4128912 min_heap=4118308
I (212411) MP3_BENCH: PLAYBACK produced=8847360 consumed=8816896 queued=121856 underrun_bytes=0 max_decode_us=88229 done=0 failed=0
I (212421) BT_AV: STACK_FREE_MIN app=4116 timer=1292
I (212421) BT_AV: bt_app_av_sm_hdlr state: 5, event: 0xff00
I (222411) BT_AV: BENCH frames=9257472 heap=4128912 min_heap=4118308
I (222411) MP3_BENCH: PLAYBACK produced=9289728 consumed=9257472 queued=129024 underrun_bytes=0 max_decode_us=88229 done=0 failed=0
I (222411) BT_AV: STACK_FREE_MIN app=4116 timer=1292
I (222421) BT_AV: bt_app_av_sm_hdlr state: 5, event: 0xff00
I (232411) BT_AV: BENCH frames=9697920 heap=4128912 min_heap=4118308
I (232411) MP3_BENCH: PLAYBACK produced=9729792 consumed=9697920 queued=127488 underrun_bytes=0 max_decode_us=88229 done=0 failed=0
I (232411) BT_AV: STACK_FREE_MIN app=4116 timer=1292
I (232421) BT_AV: bt_app_av_sm_hdlr state: 5, event: 0xff00
I (242411) BT_AV: BENCH frames=10139776 heap=4124372 min_heap=4118308
I (242411) MP3_BENCH: PLAYBACK produced=10172160 consumed=10139776 queued=129536 underrun_bytes=0 max_decode_us=88229 done=0 failed=0
I (242421) BT_AV: STACK_FREE_MIN app=4116 timer=1292
I (242421) BT_AV: bt_app_av_sm_hdlr state: 5, event: 0xff00
I (252411) BT_AV: BENCH frames=10580352 heap=4128912 min_heap=4118308
I (252411) MP3_BENCH: PLAYBACK produced=10612224 consumed=10580352 queued=127488 underrun_bytes=0 max_decode_us=88229 done=0 failed=0
I (252411) BT_AV: STACK_FREE_MIN app=3956 timer=1292
I (252421) BT_AV: bt_app_av_sm_hdlr state: 5, event: 0xff00
I (262411) BT_AV: BENCH frames=11020800 heap=4128912 min_heap=4118308
I (262411) MP3_BENCH: PLAYBACK produced=11053440 consumed=11020800 queued=130560 underrun_bytes=0 max_decode_us=88229 done=0 failed=0
I (262411) BT_AV: STACK_FREE_MIN app=3956 timer=1292
I (262421) BT_AV: bt_app_av_sm_hdlr state: 5, event: 0xff00
I (272411) BT_AV: BENCH frames=11462656 heap=4119892 min_heap=4118308
I (272411) MP3_BENCH: PLAYBACK produced=11494656 consumed=11462656 queued=128000 underrun_bytes=0 max_decode_us=88229 done=0 failed=0
I (272421) BT_AV: STACK_FREE_MIN app=3956 timer=1292
I (272421) BT_AV: bt_app_av_sm_hdlr state: 5, event: 0xff00
I (282411) BT_AV: BENCH frames=11903104 heap=4128912 min_heap=4118308
I (282411) MP3_BENCH: PLAYBACK produced=11934720 consumed=11903104 queued=126464 underrun_bytes=0 max_decode_us=88229 done=0 failed=0
I (282411) BT_AV: STACK_FREE_MIN app=3956 timer=1292
I (282421) BT_AV: bt_app_av_sm_hdlr state: 5, event: 0xff00
I (292411) BT_AV: BENCH frames=12343680 heap=4128912 min_heap=4118308
I (292411) MP3_BENCH: PLAYBACK produced=12375936 consumed=12343680 queued=129024 underrun_bytes=0 max_decode_us=88229 done=0 failed=0
I (292411) BT_AV: STACK_FREE_MIN app=3956 timer=1292
I (292421) BT_AV: bt_app_av_sm_hdlr state: 5, event: 0xff00
I (302411) BT_AV: BENCH frames=12785280 heap=4119924 min_heap=4118308
I (302411) MP3_BENCH: PLAYBACK produced=12817152 consumed=12785408 queued=126976 underrun_bytes=0 max_decode_us=88229 done=0 failed=0
I (302411) BT_AV: STACK_FREE_MIN app=3956 timer=1292
I (302421) BT_AV: bt_app_av_sm_hdlr state: 5, event: 0xff00
I (312411) BT_AV: BENCH frames=13225984 heap=4128912 min_heap=4118308
I (312411) MP3_BENCH: PLAYBACK produced=13258368 consumed=13225984 queued=129536 underrun_bytes=0 max_decode_us=88229 done=0 failed=0
I (312411) BT_AV: STACK_FREE_MIN app=3956 timer=1292
I (312421) BT_AV: bt_app_av_sm_hdlr state: 5, event: 0xff00
I (322411) BT_AV: BENCH frames=13666560 heap=4128912 min_heap=4118308
I (322411) MP3_BENCH: PLAYBACK produced=13698432 consumed=13666560 queued=127488 underrun_bytes=0 max_decode_us=88229 done=0 failed=0
I (322411) BT_AV: STACK_FREE_MIN app=3956 timer=1292
I (322421) BT_AV: bt_app_av_sm_hdlr state: 5, event: 0xff00
I (328511) SD_BENCH: UNMOUNTED
I (328511) MP3_BENCH: PRODUCER_DONE frames=13969152 failed=0
I (332411) BT_AV: BENCH frames=14108416 heap=4200000 min_heap=4118308
I (332411) MP3_BENCH: PLAYBACK produced=13969152 consumed=13969152 queued=0 underrun_bytes=0 max_decode_us=88229 done=1 failed=0
I (332411) BT_AV: STACK_FREE_MIN app=3956 timer=1292
I (332421) BT_AV: bt_app_av_sm_hdlr state: 5, event: 0xff00
I (332421) BT_AV: MP3_TEST_FINISHED frames=14108416
I (332431) BT_AV: a2dp media suspending...
I (332451) BT_AV: bt_app_av_sm_hdlr state: 5, event: 0x3
I (332451) BT_AV: a2dp media suspend successfully, disconnecting...
I (332451) BT_AV: bt_app_av_sm_hdlr state: 6, event: 0x1
I (332451) BT_AV: bt_app_av_sm_hdlr state: 6, event: 0x0
W (332481) BT_HCI: hci cmd send: sniff: hdl 0x80, intv(400 800)
I (332481) RC_CT: AVRC conn_state event: state 0, [00:00:00:00:00:00]
I (332481) BT_AV: bt_app_av_sm_hdlr state: 6, event: 0x0
I (332481) BT_AV: a2dp disconnected
W (332481) BT_HCI: hcif mode change: hdl 0x80, mode 2, intv 800, status 0x0
I (332491) BT_AV: ESP_BT_GAP_MODE_CHG_EVT mode: 2
W (336471) BT_HCI: hci cmd send: disconnect: hdl 0x80, rsn:0x13
W (336811) BT_HCI: hcif mode change: hdl 0x80, mode 0, intv 0, status 0x0
I (336811) BT_AV: ESP_BT_GAP_MODE_CHG_EVT mode: 0
W (336881) BT_HCI: hcif disc complete: hdl 0x80, rsn 0x16 dev_find 1
I (336881) BT_AV: event: 17
I (342411) BT_AV: BENCH frames=14109312 heap=4212792 min_heap=4118308
I (342411) MP3_BENCH: PLAYBACK produced=13969152 consumed=13969152 queued=0 underrun_bytes=0 max_decode_us=88229 done=1 failed=0
I (342411) BT_AV: STACK_FREE_MIN app=3956 timer=1292
I (342421) BT_AV: bt_app_av_sm_hdlr state: 3, event: 0xff00
I (352411) BT_AV: BENCH frames=14109312 heap=4212792 min_heap=4118308
I (352411) MP3_BENCH: PLAYBACK produced=13969152 consumed=13969152 queued=0 underrun_bytes=0 max_decode_us=88229 done=1 failed=0
I (352411) BT_AV: STACK_FREE_MIN app=3956 timer=1292
I (352421) BT_AV: bt_app_av_sm_hdlr state: 3, event: 0xff00
I (362411) BT_AV: BENCH frames=14109312 heap=4212792 min_heap=4118308
I (362411) MP3_BENCH: PLAYBACK produced=13969152 consumed=13969152 queued=0 underrun_bytes=0 max_decode_us=88229 done=1 failed=0
I (362411) BT_AV: STACK_FREE_MIN app=3956 timer=1292
I (362421) BT_AV: bt_app_av_sm_hdlr state: 3, event: 0xff00
I (372411) BT_AV: BENCH frames=14109312 heap=4212792 min_heap=4118308
I (372411) MP3_BENCH: PLAYBACK produced=13969152 consumed=13969152 queued=0 underrun_bytes=0 max_decode_us=88229 done=1 failed=0
I (372411) BT_AV: STACK_FREE_MIN app=3956 timer=1292
I (372421) BT_AV: bt_app_av_sm_hdlr state: 3, event: 0xff00
