Checking "python3" ...
Python 3.12.11
"python3" has been detected
Activating ESP-IDF 5.5
Setting IDF_PATH to '/Users/dave/projects/Harmony2/firmware/upstream/tangara-fw/lib/esp-idf'.
* Checking python version ... 3.12.11
* Checking python dependencies ... OK
* Deactivating the current ESP-IDF environment (if any) ... OK
* Establishing a new ESP-IDF environment ... OK
* Identifying shell ... bash
* Detecting outdated tools in system ... OK - no outdated tools found
* Shell completion ... Autocompletion code generated
WARNING: Failed to load shell autocompletion for bash version: 3.2.57(1)-release!

Done! You can now compile ESP-IDF projects.
Go to the project directory and run:

  idf.py build
Executing action: flash
Running ninja in directory /Users/dave/projects/Harmony2/firmware/mark-6/bluetooth-mp3/build
Executing "ninja flash"...
[1/5] cd /Users/dave/projects/Harmony2/firmware/mark-6/bluetooth-mp3/build/esp-idf/esptool_py && /Users/dave/projects/Harmony2/firmware/toolchains/esp-idf/python_env/idf5.5_py3.12_env/bin/python /Users/dave/projects/Harmony2/firmware/upstream/tangara-fw/lib/esp-idf/components/partition_table/check_sizes.py --offset 0x8000 partition --type app /Users/dave/projects/Harmony2/firmware/mark-6/bluetooth-mp3/build/partition_table/partition-table.bin /Users/dave/projects/Harmony2/firmware/mark-6/bluetooth-mp3/build/mark6_bluetooth_mp3.bin
mark6_bluetooth_mp3.bin binary size 0x11b980 bytes. Smallest app partition is 0x300000 bytes. 0x1e4680 bytes (63%) free.
[2/5] Performing build step for 'bootloader'
[1/1] cd /Users/dave/projects/Harmony2/firmware/mark-6/bluetooth-mp3/build/bootloader/esp-idf/esptool_py && /Users/dave/projects/Harmony2/firmware/toolchains/esp-idf/python_env/idf5.5_py3.12_env/bin/python /Users/dave/projects/Harmony2/firmware/upstream/tangara-fw/lib/esp-idf/components/partition_table/check_sizes.py --offset 0x8000 bootloader 0x1000 /Users/dave/projects/Harmony2/firmware/mark-6/bluetooth-mp3/build/bootloader/bootloader.bin
Bootloader binary size 0x6680 bytes. 0x980 bytes (8%) free.
[3/5] No install step for 'bootloader'
[4/5] Completed 'bootloader'
[4/5] cd /Users/dave/projects/Harmony2/firmware/upstream/tangara-fw/lib/esp-idf/components/esptool_py && /opt/homebrew/Cellar/cmake/3.30.5/bin/cmake -D IDF_PATH=/Users/dave/projects/Harmony2/firmware/upstream/tangara-fw/lib/esp-idf -D "SERIAL_TOOL=/Users/dave/projects/Harmony2/firmware/toolchains/esp-idf/python_env/idf5.5_py3.12_env/bin/python;;/Users/dave/projects/Harmony2/firmware/upstream/tangara-fw/lib/esp-idf/components/esptool_py/esptool/esptool.py;--chip;esp32" -D "SERIAL_TOOL_ARGS=--before=default_reset;--after=hard_reset;write_flash;@flash_args" -D WORKING_DIRECTORY=/Users/dave/projects/Harmony2/firmware/mark-6/bluetooth-mp3/build -P /Users/dave/projects/Harmony2/firmware/upstream/tangara-fw/lib/esp-idf/components/esptool_py/run_serial_tool.cmake
esptool.py --chip esp32 -p /dev/cu.usbserial-1120 -b 460800 --before=default_reset --after=hard_reset write_flash --flash_mode dio --flash_freq 40m --flash_size 4MB 0x1000 bootloader/bootloader.bin 0x10000 mark6_bluetooth_mp3.bin 0x8000 partition_table/partition-table.bin
esptool.py v4.12.0
Serial port /dev/cu.usbserial-1120
Connecting..........
Chip is ESP32-D0WD-V3 (revision v3.1)
Features: WiFi, BT, Dual Core, 240MHz, VRef calibration in efuse, Coding Scheme None
Crystal is 40MHz
MAC: 5c:01:3b:89:24:04
Uploading stub...
Running stub...
Stub running...
Changing baud rate to 460800
Changed.
Configuring flash size...
Flash will be erased from 0x00001000 to 0x00007fff...
Flash will be erased from 0x00010000 to 0x0012bfff...
Flash will be erased from 0x00008000 to 0x00008fff...
SHA digest in image updated
Compressed 26240 bytes to 16491...
Writing at 0x00001000... (50 %)
Writing at 0x000075f7... (100 %)
Wrote 26240 bytes (16491 compressed) at 0x00001000 in 0.9 seconds (effective 234.6 kbit/s)...
Hash of data verified.
Compressed 1161600 bytes to 665861...
Writing at 0x00010000... (2 %)
Writing at 0x000203a4... (4 %)
Writing at 0x0002f160... (7 %)
Writing at 0x0003b08d... (9 %)
Writing at 0x00042e4e... (12 %)
Writing at 0x0004cbac... (14 %)
Writing at 0x00053122... (17 %)
Writing at 0x00058ed1... (19 %)
Writing at 0x0005fd3a... (21 %)
Writing at 0x0006612f... (24 %)
Writing at 0x0006c103... (26 %)
Writing at 0x00071f4d... (29 %)
Writing at 0x00077fc1... (31 %)
Writing at 0x0007df90... (34 %)
Writing at 0x000854fb... (36 %)
Writing at 0x0008b976... (39 %)
Writing at 0x00091b74... (41 %)
Writing at 0x000983ce... (43 %)
Writing at 0x0009e9f5... (46 %)
Writing at 0x000a4f11... (48 %)
Writing at 0x000ab18e... (51 %)
Writing at 0x000b1861... (53 %)
Writing at 0x000b7f9a... (56 %)
Writing at 0x000be165... (58 %)
Writing at 0x000c4510... (60 %)
Writing at 0x000ca7ff... (63 %)
Writing at 0x000d01ad... (65 %)
Writing at 0x000d5e36... (68 %)
Writing at 0x000dbd9d... (70 %)
Writing at 0x000e2104... (73 %)
Writing at 0x000e7c64... (75 %)
Writing at 0x000ed743... (78 %)
Writing at 0x000f3309... (80 %)
Writing at 0x000f8c9a... (82 %)
Writing at 0x000ffe35... (85 %)
Writing at 0x00108c8b... (87 %)
Writing at 0x00110276... (90 %)
Writing at 0x0011620c... (92 %)
Writing at 0x0011b765... (95 %)
Writing at 0x00121313... (97 %)
Writing at 0x0012792d... (100 %)
Wrote 1161600 bytes (665861 compressed) at 0x00010000 in 17.1 seconds (effective 543.4 kbit/s)...
Hash of data verified.
Compressed 3072 bytes to 105...
Writing at 0x00008000... (100 %)
Wrote 3072 bytes (105 compressed) at 0x00008000 in 0.1 seconds (effective 321.3 kbit/s)...
Hash of data verified.

Leaving...
Hard resetting via RTS pin...
Done
