ets Jul 29 2019 12:21:46

rst:0x1 (POWERON_RESET),boot:0x13 (SPI_FAST_FLASH_BOOT)
configsip: 0, SPIWP:0xee
clk_drv:0x00,q_drv:0x00,d_drv:0x00,cs0_drv:0x00,hd_drv:0x00,wp_drv:0x00
mode:DIO, clock div:2
load:0x3fff0030,len:6380
ho 0 tail 12 room 4
load:0x40078000,len:15916
load:0x40080400,len:3860
entry 0x40080638
I (29) boot: ESP-IDF 8c750b08 2nd stage bootloader
I (29) boot: compile time Sep 21 2026 07:18:20
I (29) boot: Multicore bootloader
I (31) boot: chip revision: v3.1
I (34) boot.esp32: SPI Speed      : 40MHz
I (37) boot.esp32: SPI Mode       : DIO
I (41) boot.esp32: SPI Flash Size : 4MB
I (44) boot: Enabling RNG early entropy source...
I (49) boot: Partition Table:
I (51) boot: ## Label            Usage          Type ST Offset   Length
I (58) boot:  0 nvs              WiFi data        01 02 00009000 00006000
I (64) boot:  1 phy_init         RF data          01 01 0000f000 00001000
I (71) boot:  2 factory          factory app      00 00 00010000 00100000
I (77) boot: End of partition table
I (81) esp_image: segment 0: paddr=00010020 vaddr=3f400020 size=0f0fch ( 61692) map
I (109) esp_image: segment 1: paddr=0001f124 vaddr=3ff80000 size=00020h (    32) load
I (110) esp_image: segment 2: paddr=0001f14c vaddr=3ffb0000 size=00ecch (  3788) load
I (115) esp_image: segment 3: paddr=00020020 vaddr=400d0020 size=27794h (161684) map
I (176) esp_image: segment 4: paddr=000477bc vaddr=3ffb0ecc size=01794h (  6036) load
I (178) esp_image: segment 5: paddr=00048f58 vaddr=40080000 size=0f47ch ( 62588) load
I (212) boot: Loaded app from partition at offset 0x10000
I (212) boot: Disabling RNG early entropy source...
I (222) cpu_start: Multicore app
I (231) cpu_start: Pro cpu start user code
I (231) cpu_start: cpu freq: 160000000 Hz
I (231) app_init: Application information:
I (231) app_init: Project name:     mark6_sd_probe
I (235) app_init: App version:      8ad9094
I (239) app_init: Compile time:     Sep 21 2026 07:18:11
I (244) app_init: ELF file SHA256:  fb3782283...
I (248) app_init: ESP-IDF:          8c750b08
I (252) efuse_init: Min chip rev:     v0.0
I (256) efuse_init: Max chip rev:     v3.99 
I (260) efuse_init: Chip rev:         v3.1
I (264) heap_init: Initializing. RAM available for dynamic allocation:
I (271) heap_init: At 3FFAE6E0 len 00001920 (6 KiB): DRAM
I (276) heap_init: At 3FFB6FE8 len 00029018 (164 KiB): DRAM
I (281) heap_init: At 3FFE0440 len 00003AE0 (14 KiB): D/IRAM
I (286) heap_init: At 3FFE4350 len 0001BCB0 (111 KiB): D/IRAM
I (292) heap_init: At 4008F47C len 00010B84 (66 KiB): IRAM
I (298) spi_flash: detected chip: generic
I (301) spi_flash: flash io: dio
I (304) main_task: Started on CPU0
I (314) main_task: Calling app_main()
I (314) SD_BENCH: READ_ONLY mount: SCK=18 MOSI=23 MISO=19 CS=25, 4MHz
I (434) sdspi_transaction: cmd=5, R1 response: command not supported
Name: SS32G
Type: SDHC
Speed: 4.00 MHz (limit: 4.00 MHz)
Size: 30436MB
CSD: ver=2, sector_size=512, capacity=62333952 read_bl_len=9
SSR: bus_width=1
I (654) SD_PROBE: HARMONY/HIGHER.MP3
I (654) SD_PROBE: HARMONY/_HIGHE~3.MP3
I (654) SD_PROBE: HARMONY/HUMANC~5
I (654) SD_PROBE: HARMONY/_HUMAN~5
I (654) SD_PROBE: HARMONY/TESTALBM
I (664) SD_PROBE: HARMONY/_TESTA~6
I (17334) SD_PROBE: bytes=5070386 seconds=16.656 bytes_per_second=304410 sha256=0fbc69ad617c28395ed4b6c62571ac63898a057309a872a73d4aad6a303ca6dd
I (17334) SD_PROBE: SD_READ_TEST_PASSED
I (17334) SD_BENCH: UNMOUNTED
I (17334) main_task: Returned from app_main()
