Checking "python3" ...
Python 3.12.11
"python3" has been detected
Activating ESP-IDF 5.5
Setting IDF_PATH to '/Users/dave/projects/Harmony2/firmware/upstream/tangara-fw/lib/esp-idf'.
* Checking python version ... 3.12.11
* Checking python dependencies ... OK
* Deactivating the current ESP-IDF environment (if any) ... OK
* Establishing a new ESP-IDF environment ... OK
* Identifying shell ... bash
* Detecting outdated tools in system ... OK - no outdated tools found
* Shell completion ... Autocompletion code generated
WARNING: Failed to load shell autocompletion for bash version: 3.2.57(1)-release!

Done! You can now compile ESP-IDF projects.
Go to the project directory and run:

  idf.py build
Executing action: all (aliases: build)
Running ninja in directory /Users/dave/projects/Harmony2/firmware/mark-6/feather-player-bench/build
Executing "ninja all"...
[0/1] Re-running CMake...
-- Minimal build - OFF
-- Building ESP-IDF components for target esp32
-- Project sdkconfig file /Users/dave/projects/Harmony2/firmware/mark-6/feather-player-bench/sdkconfig
Loading defaults file /Users/dave/projects/Harmony2/firmware/mark-6/feather-player-bench/sdkconfig.defaults...
-- Compiler supported targets: xtensa-esp-elf
-- USING O3
-- App "mark6_feather_player_bench" version: mark6-a9afaff-dirty
-- Adding linker script /Users/dave/projects/Harmony2/firmware/mark-6/feather-player-bench/build/esp-idf/esp_system/ld/memory.ld
-- Adding linker script /Users/dave/projects/Harmony2/firmware/mark-6/feather-player-bench/build/esp-idf/esp_system/ld/sections.ld.in
-- Adding linker script /Users/dave/projects/Harmony2/firmware/upstream/tangara-fw/lib/esp-idf/components/esp_rom/esp32/ld/esp32.rom.ld
-- Adding linker script /Users/dave/projects/Harmony2/firmware/upstream/tangara-fw/lib/esp-idf/components/esp_rom/esp32/ld/esp32.rom.api.ld
-- Adding linker script /Users/dave/projects/Harmony2/firmware/upstream/tangara-fw/lib/esp-idf/components/esp_rom/esp32/ld/esp32.rom.libgcc.ld
-- Adding linker script /Users/dave/projects/Harmony2/firmware/upstream/tangara-fw/lib/esp-idf/components/esp_rom/esp32/ld/esp32.rom.newlib-data.ld
-- Adding linker script /Users/dave/projects/Harmony2/firmware/upstream/tangara-fw/lib/esp-idf/components/esp_rom/esp32/ld/esp32.rom.syscalls.ld
-- Adding linker script /Users/dave/projects/Harmony2/firmware/upstream/tangara-fw/lib/esp-idf/components/soc/esp32/ld/esp32.peripherals.ld
-- Components: app_trace app_update bench_display bench_mp3 bench_storage bootloader bootloader_support bt carrier_board cmock console cxx driver efuse esp-tls esp_adc esp_app_format esp_bootloader_format esp_coex esp_common esp_driver_ana_cmpr esp_driver_bitscrambler esp_driver_cam esp_driver_dac esp_driver_gpio esp_driver_gptimer esp_driver_i2c esp_driver_i2s esp_driver_isp esp_driver_jpeg esp_driver_ledc esp_driver_mcpwm esp_driver_parlio esp_driver_pcnt esp_driver_ppa esp_driver_rmt esp_driver_sdio esp_driver_sdm esp_driver_sdmmc esp_driver_sdspi esp_driver_spi esp_driver_touch_sens esp_driver_tsens esp_driver_twai esp_driver_uart esp_driver_usb_serial_jtag esp_eth esp_event esp_gdbstub esp_hid esp_http_client esp_http_server esp_https_ota esp_https_server esp_hw_support esp_lcd esp_local_ctrl esp_mm esp_netif esp_netif_stack esp_partition esp_phy esp_pm esp_psram esp_ringbuf esp_rom esp_security esp_system esp_timer esp_vfs_console esp_wifi espcoredump esptool_py fatfs freertos hal heap http_parser idf_test ieee802154 json log lwip main mbedtls minimp3 mqtt newlib nvs_flash nvs_sec_provider openthread partition_table perfmon protobuf-c protocomm pthread rt sdmmc soc spi_flash spiffs tcp_transport ulp unity usb vfs wear_levelling wifi_provisioning wpa_supplicant xtensa
-- Component paths: /Users/dave/projects/Harmony2/firmware/upstream/tangara-fw/lib/esp-idf/components/app_trace /Users/dave/projects/Harmony2/firmware/upstream/tangara-fw/lib/esp-idf/components/app_update /Users/dave/projects/Harmony2/firmware/mark-6/feather-carrier/components/bench_display /Users/dave/projects/Harmony2/firmware/mark-6/components/bench_mp3 /Users/dave/projects/Harmony2/firmware/mark-6/feather-player-bench/components/bench_storage /Users/dave/projects/Harmony2/firmware/upstream/tangara-fw/lib/esp-idf/components/bootloader /Users/dave/projects/Harmony2/firmware/upstream/tangara-fw/lib/esp-idf/components/bootloader_support /Users/dave/projects/Harmony2/firmware/upstream/tangara-fw/lib/esp-idf/components/bt /Users/dave/projects/Harmony2/firmware/mark-6/feather-player-bench/components/carrier_board /Users/dave/projects/Harmony2/firmware/upstream/tangara-fw/lib/esp-idf/components/cmock /Users/dave/projects/Harmony2/firmware/upstream/tangara-fw/lib/esp-idf/components/console /Users/dave/projects/Harmony2/firmware/upstream/tangara-fw/lib/esp-idf/components/cxx /Users/dave/projects/Harmony2/firmware/upstream/tangara-fw/lib/esp-idf/components/driver /Users/dave/projects/Harmony2/firmware/upstream/tangara-fw/lib/esp-idf/components/efuse /Users/dave/projects/Harmony2/firmware/upstream/tangara-fw/lib/esp-idf/components/esp-tls /Users/dave/projects/Harmony2/firmware/upstream/tangara-fw/lib/esp-idf/components/esp_adc /Users/dave/projects/Harmony2/firmware/upstream/tangara-fw/lib/esp-idf/components/esp_app_format /Users/dave/projects/Harmony2/firmware/upstream/tangara-fw/lib/esp-idf/components/esp_bootloader_format /Users/dave/projects/Harmony2/firmware/upstream/tangara-fw/lib/esp-idf/components/esp_coex /Users/dave/projects/Harmony2/firmware/upstream/tangara-fw/lib/esp-idf/components/esp_common /Users/dave/projects/Harmony2/firmware/upstream/tangara-fw/lib/esp-idf/components/esp_driver_ana_cmpr /Users/dave/projects/Harmony2/firmware/upstream/tangara-fw/lib/esp-idf/components/esp_driver_bitscrambler /Users/dave/projects/Harmony2/firmware/upstream/tangara-fw/lib/esp-idf/components/esp_driver_cam /Users/dave/projects/Harmony2/firmware/upstream/tangara-fw/lib/esp-idf/components/esp_driver_dac /Users/dave/projects/Harmony2/firmware/upstream/tangara-fw/lib/esp-idf/components/esp_driver_gpio /Users/dave/projects/Harmony2/firmware/upstream/tangara-fw/lib/esp-idf/components/esp_driver_gptimer /Users/dave/projects/Harmony2/firmware/upstream/tangara-fw/lib/esp-idf/components/esp_driver_i2c /Users/dave/projects/Harmony2/firmware/upstream/tangara-fw/lib/esp-idf/components/esp_driver_i2s /Users/dave/projects/Harmony2/firmware/upstream/tangara-fw/lib/esp-idf/components/esp_driver_isp /Users/dave/projects/Harmony2/firmware/upstream/tangara-fw/lib/esp-idf/components/esp_driver_jpeg /Users/dave/projects/Harmony2/firmware/upstream/tangara-fw/lib/esp-idf/components/esp_driver_ledc /Users/dave/projects/Harmony2/firmware/upstream/tangara-fw/lib/esp-idf/components/esp_driver_mcpwm /Users/dave/projects/Harmony2/firmware/upstream/tangara-fw/lib/esp-idf/components/esp_driver_parlio /Users/dave/projects/Harmony2/firmware/upstream/tangara-fw/lib/esp-idf/components/esp_driver_pcnt /Users/dave/projects/Harmony2/firmware/upstream/tangara-fw/lib/esp-idf/components/esp_driver_ppa /Users/dave/projects/Harmony2/firmware/upstream/tangara-fw/lib/esp-idf/components/esp_driver_rmt /Users/dave/projects/Harmony2/firmware/upstream/tangara-fw/lib/esp-idf/components/esp_driver_sdio /Users/dave/projects/Harmony2/firmware/upstream/tangara-fw/lib/esp-idf/components/esp_driver_sdm /Users/dave/projects/Harmony2/firmware/upstream/tangara-fw/lib/esp-idf/components/esp_driver_sdmmc /Users/dave/projects/Harmony2/firmware/upstream/tangara-fw/lib/esp-idf/components/esp_driver_sdspi /Users/dave/projects/Harmony2/firmware/upstream/tangara-fw/lib/esp-idf/components/esp_driver_spi /Users/dave/projects/Harmony2/firmware/upstream/tangara-fw/lib/esp-idf/components/esp_driver_touch_sens /Users/dave/projects/Harmony2/firmware/upstream/tangara-fw/lib/esp-idf/components/esp_driver_tsens /Users/dave/projects/Harmony2/firmware/upstream/tangara-fw/lib/esp-idf/components/esp_driver_twai /Users/dave/projects/Harmony2/firmware/upstream/tangara-fw/lib/esp-idf/components/esp_driver_uart /Users/dave/projects/Harmony2/firmware/upstream/tangara-fw/lib/esp-idf/components/esp_driver_usb_serial_jtag /Users/dave/projects/Harmony2/firmware/upstream/tangara-fw/lib/esp-idf/components/esp_eth /Users/dave/projects/Harmony2/firmware/upstream/tangara-fw/lib/esp-idf/components/esp_event /Users/dave/projects/Harmony2/firmware/upstream/tangara-fw/lib/esp-idf/components/esp_gdbstub /Users/dave/projects/Harmony2/firmware/upstream/tangara-fw/lib/esp-idf/components/esp_hid /Users/dave/projects/Harmony2/firmware/upstream/tangara-fw/lib/esp-idf/components/esp_http_client /Users/dave/projects/Harmony2/firmware/upstream/tangara-fw/lib/esp-idf/components/esp_http_server /Users/dave/projects/Harmony2/firmware/upstream/tangara-fw/lib/esp-idf/components/esp_https_ota /Users/dave/projects/Harmony2/firmware/upstream/tangara-fw/lib/esp-idf/components/esp_https_server /Users/dave/projects/Harmony2/firmware/upstream/tangara-fw/lib/esp-idf/components/esp_hw_support /Users/dave/projects/Harmony2/firmware/upstream/tangara-fw/lib/esp-idf/components/esp_lcd /Users/dave/projects/Harmony2/firmware/upstream/tangara-fw/lib/esp-idf/components/esp_local_ctrl /Users/dave/projects/Harmony2/firmware/upstream/tangara-fw/lib/esp-idf/components/esp_mm /Users/dave/projects/Harmony2/firmware/upstream/tangara-fw/lib/esp-idf/components/esp_netif /Users/dave/projects/Harmony2/firmware/upstream/tangara-fw/lib/esp-idf/components/esp_netif_stack /Users/dave/projects/Harmony2/firmware/upstream/tangara-fw/lib/esp-idf/components/esp_partition /Users/dave/projects/Harmony2/firmware/upstream/tangara-fw/lib/esp-idf/components/esp_phy /Users/dave/projects/Harmony2/firmware/upstream/tangara-fw/lib/esp-idf/components/esp_pm /Users/dave/projects/Harmony2/firmware/upstream/tangara-fw/lib/esp-idf/components/esp_psram /Users/dave/projects/Harmony2/firmware/upstream/tangara-fw/lib/esp-idf/components/esp_ringbuf /Users/dave/projects/Harmony2/firmware/upstream/tangara-fw/lib/esp-idf/components/esp_rom /Users/dave/projects/Harmony2/firmware/upstream/tangara-fw/lib/esp-idf/components/esp_security /Users/dave/projects/Harmony2/firmware/upstream/tangara-fw/lib/esp-idf/components/esp_system /Users/dave/projects/Harmony2/firmware/upstream/tangara-fw/lib/esp-idf/components/esp_timer /Users/dave/projects/Harmony2/firmware/upstream/tangara-fw/lib/esp-idf/components/esp_vfs_console /Users/dave/projects/Harmony2/firmware/upstream/tangara-fw/lib/esp-idf/components/esp_wifi /Users/dave/projects/Harmony2/firmware/upstream/tangara-fw/lib/esp-idf/components/espcoredump /Users/dave/projects/Harmony2/firmware/upstream/tangara-fw/lib/esp-idf/components/esptool_py /Users/dave/projects/Harmony2/firmware/upstream/tangara-fw/lib/esp-idf/components/fatfs /Users/dave/projects/Harmony2/firmware/upstream/tangara-fw/lib/esp-idf/components/freertos /Users/dave/projects/Harmony2/firmware/upstream/tangara-fw/lib/esp-idf/components/hal /Users/dave/projects/Harmony2/firmware/upstream/tangara-fw/lib/esp-idf/components/heap /Users/dave/projects/Harmony2/firmware/upstream/tangara-fw/lib/esp-idf/components/http_parser /Users/dave/projects/Harmony2/firmware/upstream/tangara-fw/lib/esp-idf/components/idf_test /Users/dave/projects/Harmony2/firmware/upstream/tangara-fw/lib/esp-idf/components/ieee802154 /Users/dave/projects/Harmony2/firmware/upstream/tangara-fw/lib/esp-idf/components/json /Users/dave/projects/Harmony2/firmware/upstream/tangara-fw/lib/esp-idf/components/log /Users/dave/projects/Harmony2/firmware/upstream/tangara-fw/lib/esp-idf/components/lwip /Users/dave/projects/Harmony2/firmware/mark-6/feather-player-bench/main /Users/dave/projects/Harmony2/firmware/upstream/tangara-fw/lib/esp-idf/components/mbedtls /Users/dave/projects/Harmony2/firmware/mark-6/components/minimp3 /Users/dave/projects/Harmony2/firmware/upstream/tangara-fw/lib/esp-idf/components/mqtt /Users/dave/projects/Harmony2/firmware/upstream/tangara-fw/lib/esp-idf/components/newlib /Users/dave/projects/Harmony2/firmware/upstream/tangara-fw/lib/esp-idf/components/nvs_flash /Users/dave/projects/Harmony2/firmware/upstream/tangara-fw/lib/esp-idf/components/nvs_sec_provider /Users/dave/projects/Harmony2/firmware/upstream/tangara-fw/lib/esp-idf/components/openthread /Users/dave/projects/Harmony2/firmware/upstream/tangara-fw/lib/esp-idf/components/partition_table /Users/dave/projects/Harmony2/firmware/upstream/tangara-fw/lib/esp-idf/components/perfmon /Users/dave/projects/Harmony2/firmware/upstream/tangara-fw/lib/esp-idf/components/protobuf-c /Users/dave/projects/Harmony2/firmware/upstream/tangara-fw/lib/esp-idf/components/protocomm /Users/dave/projects/Harmony2/firmware/upstream/tangara-fw/lib/esp-idf/components/pthread /Users/dave/projects/Harmony2/firmware/upstream/tangara-fw/lib/esp-idf/components/rt /Users/dave/projects/Harmony2/firmware/upstream/tangara-fw/lib/esp-idf/components/sdmmc /Users/dave/projects/Harmony2/firmware/upstream/tangara-fw/lib/esp-idf/components/soc /Users/dave/projects/Harmony2/firmware/upstream/tangara-fw/lib/esp-idf/components/spi_flash /Users/dave/projects/Harmony2/firmware/upstream/tangara-fw/lib/esp-idf/components/spiffs /Users/dave/projects/Harmony2/firmware/upstream/tangara-fw/lib/esp-idf/components/tcp_transport /Users/dave/projects/Harmony2/firmware/upstream/tangara-fw/lib/esp-idf/components/ulp /Users/dave/projects/Harmony2/firmware/upstream/tangara-fw/lib/esp-idf/components/unity /Users/dave/projects/Harmony2/firmware/upstream/tangara-fw/lib/esp-idf/components/usb /Users/dave/projects/Harmony2/firmware/upstream/tangara-fw/lib/esp-idf/components/vfs /Users/dave/projects/Harmony2/firmware/upstream/tangara-fw/lib/esp-idf/components/wear_levelling /Users/dave/projects/Harmony2/firmware/upstream/tangara-fw/lib/esp-idf/components/wifi_provisioning /Users/dave/projects/Harmony2/firmware/upstream/tangara-fw/lib/esp-idf/components/wpa_supplicant /Users/dave/projects/Harmony2/firmware/upstream/tangara-fw/lib/esp-idf/components/xtensa
-- Configuring done (3.0s)
-- Generating done (0.5s)
-- Build files have been written to: /Users/dave/projects/Harmony2/firmware/mark-6/feather-player-bench/build
[1/13] Performing build step for 'bootloader'
[1/1] cd /Users/dave/projects/Harmony2/firmware/mark-6/feather-player-bench/build/bootloader/esp-idf/esptool_py && /Users/dave/projects/Harmony2/firmware/toolchains/esp-idf/python_env/idf5.5_py3.12_env/bin/python /Users/dave/projects/Harmony2/firmware/upstream/tangara-fw/lib/esp-idf/components/partition_table/check_sizes.py --offset 0x8000 bootloader 0x1000 /Users/dave/projects/Harmony2/firmware/mark-6/feather-player-bench/build/bootloader/bootloader.bin
Bootloader binary size 0x6680 bytes. 0x980 bytes (8%) free.
[2/13] No install step for 'bootloader'
[3/13] Completed 'bootloader'
[4/13] Building C object esp-idf/esp_app_format/CMakeFiles/__idf_esp_app_format.dir/esp_app_desc.c.obj
[5/13] Linking C static library esp-idf/esp_app_format/libesp_app_format.a
[6/13] Building C object esp-idf/main/CMakeFiles/__idf_main.dir/Users/dave/projects/Harmony2/firmware/mark-6/feather-carrier/main/carrier_controls.c.obj
[7/13] Building C object esp-idf/main/CMakeFiles/__idf_main.dir/Users/dave/projects/Harmony2/firmware/mark-6/feather-carrier/main/audio_player.c.obj
[8/13] Linking C static library esp-idf/main/libmain.a
[9/13] Generating esp-idf/esp_system/ld/sections.ld
[10/13] Linking CXX executable mark6_feather_player_bench.elf
[11/13] Generating binary image from built executable
esptool.py v4.12.0
Creating esp32 image...
Merged 2 ELF sections
Successfully created esp32 image.
Generated /Users/dave/projects/Harmony2/firmware/mark-6/feather-player-bench/build/mark6_feather_player_bench.bin
[12/13] cd /Users/dave/projects/Harmony2/firmware/mark-6/feather-player-bench/build/esp-idf/esptool_py && /Users/dave/projects/Harmony2/firmware/toolchains/esp-idf/python_env/idf5.5_py3.12_env/bin/python /Users/dave/projects/Harmony2/firmware/upstream/tangara-fw/lib/esp-idf/components/partition_table/check_sizes.py --offset 0x8000 partition --type app /Users/dave/projects/Harmony2/firmware/mark-6/feather-player-bench/build/partition_table/partition-table.bin /Users/dave/projects/Harmony2/firmware/mark-6/feather-player-bench/build/mark6_feather_player_bench.bin
mark6_feather_player_bench.bin binary size 0x12f690 bytes. Smallest app partition is 0x300000 bytes. 0x1d0970 bytes (60%) free.

Project build complete. To flash, run:
 idf.py flash
or
 idf.py -p PORT flash
or
 python -m esptool --chip esp32 -b 460800 --before default_reset --after hard_reset write_flash --flash_mode dio --flash_size 8MB --flash_freq 40m 0x1000 build/bootloader/bootloader.bin 0x8000 build/partition_table/partition-table.bin 0x10000 build/mark6_feather_player_bench.bin
or from the "/Users/dave/projects/Harmony2/firmware/mark-6/feather-player-bench/build" directory
 python -m esptool --chip esp32 -b 460800 --before default_reset --after hard_reset write_flash "@flash_args"
