esptool.py v4.12.0
Serial port /dev/cu.usbserial-5B1E0643571
Connecting......
Chip is ESP32-PICO-V3-02 (revision v3.1)
Features: WiFi, BT, Dual Core, 240MHz, Embedded Flash, Embedded PSRAM, VRef calibration in efuse, Coding Scheme None
Crystal is 40MHz
MAC: 14:33:5c:99:1a:28
Uploading stub...
Running stub...
Stub running...
Configuring flash size...
Flash will be erased from 0x00010000 to 0x0013ffff...
Compressed 1242768 bytes to 712947...
Writing at 0x00010000... (2 %)
Writing at 0x0001fc72... (4 %)
Writing at 0x0002ee35... (6 %)
Writing at 0x0003a98e... (9 %)
Writing at 0x00042072... (11 %)
Writing at 0x00049df2... (13 %)
Writing at 0x000535b0... (15 %)
Writing at 0x000593a1... (18 %)
Writing at 0x0005fb27... (20 %)
Writing at 0x0006587f... (22 %)
Writing at 0x0006bb94... (25 %)
Writing at 0x0007198a... (27 %)
Writing at 0x00077826... (29 %)
Writing at 0x0007daf1... (31 %)
Writing at 0x00084c7c... (34 %)
Writing at 0x0008ae53... (36 %)
Writing at 0x0009153e... (38 %)
Writing at 0x00097ae6... (40 %)
Writing at 0x0009e54c... (43 %)
Writing at 0x000a4791... (45 %)
Writing at 0x000aac57... (47 %)
Writing at 0x000b12a4... (50 %)
Writing at 0x000b79be... (52 %)
Writing at 0x000bdd5e... (54 %)
Writing at 0x000c4141... (56 %)
Writing at 0x000ca3d8... (59 %)
Writing at 0x000d02ce... (61 %)
Writing at 0x000d5e9e... (63 %)
Writing at 0x000db595... (65 %)
Writing at 0x000e199d... (68 %)
Writing at 0x000e7b9d... (70 %)
Writing at 0x000edab7... (72 %)
Writing at 0x000f3477... (75 %)
Writing at 0x000f8fc8... (77 %)
Writing at 0x000fea2f... (79 %)
Writing at 0x0010564f... (81 %)
Writing at 0x0010ed99... (84 %)
Writing at 0x00115994... (86 %)
Writing at 0x0011c28c... (88 %)
Writing at 0x00124936... (90 %)
Writing at 0x0012ab4d... (93 %)
Writing at 0x00130217... (95 %)
Writing at 0x00135b5f... (97 %)
Writing at 0x0013c0a9... (100 %)
Wrote 1242768 bytes (712947 compressed) at 0x00010000 in 68.7 seconds (effective 144.7 kbit/s)...
Hash of data verified.

Leaving...
Hard resetting via RTS pin...
