ets Jul 29 2019 12:21:46

rst:0x1 (POWERON_RESET),boot:0x13 (SPI_FAST_FLASH_BOOT)
configsip: 271414342, SPIWP:0xee
clk_drv:0x00,q_drv:0x00,d_drv:0x00,cs0_drv:0x00,hd_drv:0x00,wp_drv:0x00
mode:DIO, clock div:2
load:0x3fff0030,len:6380
ho 0 tail 12 room 4
load:0x40078000,len:15916
load:0x40080400,len:3860
entry 0x40080638
I (30) boot: ESP-IDF 8c750b08 2nd stage bootloader
I (30) boot: compile time Sep 27 2026 16:17:03
I (30) boot: Multicore bootloader
I (31) boot: chip revision: v3.1
I (34) boot.esp32: SPI Speed      : 40MHz
I (38) boot.esp32: SPI Mode       : DIO
I (42) boot.esp32: SPI Flash Size : 8MB
I (45) boot: Enabling RNG early entropy source...
I (50) boot: Partition Table:
I (52) boot: ## Label            Usage          Type ST Offset   Length
I (59) boot:  0 nvs              WiFi data        01 02 00009000 00006000
I (65) boot:  1 phy_init         RF data          01 01 0000f000 00001000
I (72) boot:  2 factory          factory app      00 00 00010000 00300000
I (78) boot: End of partition table
I (81) esp_image: segment 0: paddr=00010020 vaddr=3f400020 size=3db9ch (252828) map
I (175) esp_image: segment 1: paddr=0004dbc4 vaddr=3ff80000 size=00020h (    32) load
I (176) esp_image: segment 2: paddr=0004dbec vaddr=3ffbdb60 size=0242ch (  9260) load
I (183) esp_image: segment 3: paddr=00050020 vaddr=400d0020 size=c9be8h (826344) map
I (469) esp_image: segment 4: paddr=00119c10 vaddr=3ffbff8c size=02a80h ( 10880) load
I (473) esp_image: segment 5: paddr=0011c698 vaddr=40080000 size=1ee38h (126520) load
I (538) boot: Loaded app from partition at offset 0x10000
I (538) boot: Disabling RNG early entropy source...
I (548) quad_psram: This chip is ESP32-PICO-V3-02
I (550) esp_psram: Found 2MB PSRAM device
I (550) esp_psram: Speed: 40MHz
I (550) esp_psram: PSRAM initialized, cache is in low/high (2-core) mode.
I (556) cpu_start: Multicore app
I (1022) esp_psram: SPI SRAM memory test OK
I (1030) cpu_start: Pro cpu start user code
I (1030) cpu_start: cpu freq: 240000000 Hz
I (1030) app_init: Application information:
I (1030) app_init: Project name:     mark6_feather_player_bench
I (1036) app_init: App version:      1a3990b-dirty
I (1040) app_init: Compile time:     Sep 27 2026 16:55:33
I (1046) app_init: ELF file SHA256:  f778d36df...
I (1050) app_init: ESP-IDF:          8c750b08
I (1054) efuse_init: Min chip rev:     v0.0
I (1058) efuse_init: Max chip rev:     v3.99 
I (1062) efuse_init: Chip rev:         v3.1
I (1066) heap_init: Initializing. RAM available for dynamic allocation:
I (1073) heap_init: At 3FFAFF10 len 000000F0 (0 KiB): DRAM
I (1078) heap_init: At 3FFB6388 len 00001C78 (7 KiB): DRAM
I (1083) heap_init: At 3FFB9A20 len 00004108 (16 KiB): DRAM
I (1088) heap_init: At 3FFCE6E0 len 00011920 (70 KiB): DRAM
I (1093) heap_init: At 3FFE0440 len 00003AE0 (14 KiB): D/IRAM
I (1099) heap_init: At 3FFE4350 len 0001BCB0 (111 KiB): D/IRAM
I (1104) heap_init: At 4009EE38 len 000011C8 (4 KiB): IRAM
I (1110) esp_psram: Adding pool of 2048K of PSRAM memory to heap allocator
I (1118) spi_flash: detected chip: generic
I (1120) spi_flash: flash io: dio
I (1124) coexist: coex firmware version: 831ec70
I (1128) main_task: Started on CPU0
I (1130) esp_psram: Reserving pool of 32K of internal memory for DMA/internal allocations
I (1138) main_task: Calling app_main()
I (1392) LCD_BENCH: Identity and capacities matched; LCD/SD control outputs enabled
I (1392) BT_AV: MARK6_FEATHER_ALBUM target=SoundCore 2 playlist=HARMONY/ALBUM.M3U
I (1395) SD_BENCH: READ_ONLY mount: SCK=14 MOSI=27 MISO=21 CS=25, shared SPI2 4MHz
I (1445) SD_BENCH: CARD_RESET_DONE before initialization
I (1446) sdspi_transaction: cmd=52, R1 response: command not supported
I (1488) sdspi_transaction: cmd=5, R1 response: command not supported
Name: SD
Type: SDHC
Speed: 4.00 MHz (limit: 4.00 MHz)
Size: 14910MB
CSD: ver=2, sector_size=512, capacity=30535680 read_bl_len=9
SSR: bus_width=1
I (1585) ALBUM: TRACK index=1/45 file=/sd/HARMONY/Creed/Human Clay/01-01 Are You Ready.mp3 generation=1
I (2872) DISPLAY: ST7796S SPI2 4MHz 320x480; write completed, visual check required
W (2945) i2c.master: Please check pull-up resistances whether be connected properly. Otherwise unexpected behavior would happen. For more detailed information, please read docs
I (2988) ANO: RAW_POSITION=0
I (2992) BTDM_INIT: BT controller compile version [b992c7d]
I (2995) BTDM_INIT: Bluetooth MAC: 14:33:5c:99:1a:2a
I (2998) phy_init: phy_version 4860,6b7a6e5,Feb  6 2025,14:47:07
I (3523) BT_AV: Own address:[14:33:5c:99:1a:2a]
I (3526) BT_AV: Starting device discovery...
E (3527) RC_CT: Invalid AVRC event: 10
W (3533) BT_BTC: A2DP Enable with AVRC
W (3534) BT_AVRC: For AVRCP Target Cateory 1 and 3, SDP record shall contain additional protocol list
I (3548) BT_AV: bt_app_av_sm_hdlr state: 1, event: 0x4
I (3552) BT_AV: event: 10
I (3557) BT_AV: event: 10
I (3559) BT_AV: event: 10
I (3559) BT_AV: event: 10
I (3559) BT_AV: ESP_BT_GAP_GET_DEV_NAME_CMPL_EVT device name: Harmony Mark-6
I (3563) BT_AV: Discovery started.
I (3567) main_task: Returned from app_main()
I (4166) DISPLAY: UI page=0 title=Harmony selection=0/4 strips=60 max_draw_us=1290170 stack_free_min=3616
I (10131) BT_AV: Scanned device: f4:2b:7d:5a:35:43
I (10132) BT_AV: --Class of Device: 0x240404
I (10132) BT_AV: --RSSI: -74
I (10132) BT_AV: --Name: SoundCore 2
I (10135) BT_AV: Found a target device, address f4:2b:7d:5a:35:43, name SoundCore 2
I (10142) BT_AV: Cancel device discovery ...
I (10150) BT_AV: Device discovery stopped.
I (10150) BT_AV: a2dp connecting to peer: SoundCore 2
W (10155) BT_APPL: reset flags
I (10163) BT_AV: bt_app_av_sm_hdlr state: 4, event: 0x0
I (10213) ANO: RAW_POSITION=2
I (10931) ANO: RAW_POSITION=3
I (11352) ANO: RAW_POSITION=2
I (11879) ANO: RAW_POSITION=1
W (12084) BT_HCI: hcif conn complete: hdl 0x80, st 0x0
I (12087) BT_AV: event: 16
I (12173) BT_AV: event: 21
I (12239) BT_AV: bt_app_av_sm_hdlr state: 4, event: 0x2
W (12271) BT_APPL: new conn_srvc id:18, app_id:0
I (12273) BT_AV: bt_app_av_sm_hdlr state: 4, event: 0x0
I (12349) RC_CT: AVRC conn_state event: state 1, [f4:2b:7d:5a:35:43]
I (12349) RC_CT: AVRC remote features 24b, TG features 2
I (12359) RC_CT: remote rn_cap: count 2, bitmask 0x2040
I (13060) ANO: RAW_POSITION=0
I (13527) BT_AV: BENCH frames=0 heap=1382968 min_heap=1375648
I (13528) ALBUM: PLAYBACK track=1/45 frames=0 total=0 queued=131072 underrun=0 contention=0 max_decode_us=56578 callback_us=0 done=0 failed=0 paused=0 connected=0
I (13536) BT_AV: STACK_FREE_MIN app=3872 timer=1292
I (13541) BT_AV: bt_app_av_sm_hdlr state: 5, event: 0xff00
I (13546) BT_AV: a2dp media ready checking ...
I (13551) BT_AV: bt_app_av_sm_hdlr state: 5, event: 0x3
I (13555) BT_AV: a2dp media ready, starting ...
W (13563) BT_APPL: new conn_srvc id:18, app_id:1
I (13601) BT_LOG: bta_av_link_role_ok hndl:x41 role:0 conn_audio:x1 bits:1 features:x864b

I (13603) BT_AV: bt_app_av_sm_hdlr state: 5, event: 0x3
I (13604) BT_AV: a2dp media start successfully.
I (13608) BT_AV: bt_app_av_sm_hdlr state: 5, event: 0x1
I (14187) ANO: RAW_POSITION=1
I (14581) RC_CT: AVRC event notification: 13
I (14582) RC_CT: Volume changed: 89
I (14701) RC_CT: AVRC event notification: 13
I (14701) RC_CT: Volume changed: 88
I (14825) DISPLAY: UI page=0 title=Harmony selection=1/4 strips=17 max_draw_us=1290170 stack_free_min=3392
I (15958) ANO: SELECT pressed
I (16236) ANO: SELECT released
I (20968) ANO: RAW_POSITION=2
I (22381) ANO: RAW_POSITION=3
I (23527) BT_AV: BENCH frames=436480 heap=1382932 min_heap=1373644
I (23528) ALBUM: PLAYBACK track=1/45 frames=436480 total=436480 queued=131072 underrun=0 contention=0 max_decode_us=202862 callback_us=745 done=0 failed=0 paused=0 connected=1
I (23538) BT_AV: STACK_FREE_MIN app=3792 timer=1292
I (23543) BT_AV: bt_app_av_sm_hdlr state: 5, event: 0xff00
I (23551) ANO: RAW_POSITION=2
I (23581) ANO: RAW_POSITION=1
I (23785) ANO: RAW_POSITION=0
I (24373) ANO: RAW_POSITION=-1
I (30098) DISPLAY: UI page=0 title=Harmony selection=0/4 strips=0 max_draw_us=1290170 stack_free_min=3344
I (31530) ANO: SELECT pressed
I (31561) ANO: SELECT released
I (31833) ANO: SELECT pressed
I (32113) ANO: SELECT released
I (32397) ANO: SELECT pressed
I (32430) ANO: SELECT released
I (33270) ANO: SELECT pressed
I (33527) BT_AV: BENCH frames=877952 heap=1374200 min_heap=1373628
I (33528) ALBUM: PLAYBACK track=1/45 frames=878208 total=878208 queued=126976 underrun=0 contention=0 max_decode_us=202862 callback_us=745 done=0 failed=0 paused=0 connected=1
I (33538) BT_AV: STACK_FREE_MIN app=3792 timer=1292
I (33538) ANO: SELECT released
I (33542) BT_AV: bt_app_av_sm_hdlr state: 5, event: 0xff00
I (34080) ANO: SELECT pressed
I (34360) ANO: SELECT released
I (43527) BT_AV: BENCH frames=1318912 heap=1382932 min_heap=1373628
I (43528) ALBUM: PLAYBACK track=1/45 frames=1318912 total=1318912 queued=131072 underrun=0 contention=0 max_decode_us=202862 callback_us=1481 done=0 failed=0 paused=0 connected=1
I (43538) BT_AV: STACK_FREE_MIN app=3792 timer=1292
I (43543) BT_AV: bt_app_av_sm_hdlr state: 5, event: 0xff00
I (44198) DISPLAY: UI page=0 title=Harmony selection=0/4 strips=0 max_draw_us=1290170 stack_free_min=3344
I (53527) BT_AV: BENCH frames=1759360 heap=1382932 min_heap=1373628
I (53528) ALBUM: PLAYBACK track=1/45 frames=1759360 total=1759360 queued=131072 underrun=0 contention=0 max_decode_us=202862 callback_us=1481 done=0 failed=0 paused=0 connected=1
I (53538) BT_AV: STACK_FREE_MIN app=3792 timer=1292
I (53543) BT_AV: bt_app_av_sm_hdlr state: 5, event: 0xff00
I (58273) DISPLAY: UI page=0 title=Harmony selection=0/4 strips=0 max_draw_us=1290170 stack_free_min=3344
I (63527) BT_AV: BENCH frames=2200832 heap=1378556 min_heap=1373628
I (63528) ALBUM: PLAYBACK track=1/45 frames=2200960 total=2200960 queued=130560 underrun=0 contention=0 max_decode_us=202862 callback_us=1481 done=0 failed=0 paused=0 connected=1
I (63538) BT_AV: STACK_FREE_MIN app=3792 timer=1292
I (63543) BT_AV: bt_app_av_sm_hdlr state: 5, event: 0xff00
I (72313) DISPLAY: UI page=0 title=Harmony selection=0/4 strips=0 max_draw_us=1290170 stack_free_min=3344
I (73534) BT_AV: BENCH frames=2641792 heap=1382932 min_heap=1373628
I (73534) ALBUM: PLAYBACK track=1/45 frames=2641792 total=2641792 queued=131072 underrun=0 contention=0 max_decode_us=202862 callback_us=1481 done=0 failed=0 paused=0 connected=1
I (73545) BT_AV: STACK_FREE_MIN app=3792 timer=1292
I (73549) BT_AV: bt_app_av_sm_hdlr state: 5, event: 0xff00
I (74858) ANO: RAW_POSITION=0
I (75056) ANO: RAW_POSITION=1
I (75243) ANO: RAW_POSITION=2
I (75931) ANO: RAW_POSITION=1
I (76015) ANO: RAW_POSITION=0
I (76055) ANO: RAW_POSITION=-1
I (76273) ANO: RAW_POSITION=-2
I (76324) ANO: RAW_POSITION=-5
I (76411) ANO: RAW_POSITION=-6
I (77851) ANO: SELECT pressed
I (78115) ANO: SELECT released
I (80097) ANO: SELECT pressed
I (80404) ANO: SELECT released
I (83527) BT_AV: BENCH frames=3082240 heap=1382932 min_heap=1373628
I (83528) ALBUM: PLAYBACK track=1/45 frames=3082240 total=3082240 queued=131072 underrun=0 contention=0 max_decode_us=202862 callback_us=1481 done=0 failed=0 paused=0 connected=1
I (83538) BT_AV: STACK_FREE_MIN app=3792 timer=1292
I (83543) BT_AV: bt_app_av_sm_hdlr state: 5, event: 0xff00
