esptool v5.0.0
Serial port /dev/cu.usbserial-5B1E0643571:
Connecting......
Detecting chip type... ESP32
Connected to ESP32 on /dev/cu.usbserial-5B1E0643571:
Chip type:          ESP32-PICO-V3-02 (revision v3.1)
Features:           Wi-Fi, BT, Dual Core + LP Core, 240MHz, Embedded Flash, Embedded PSRAM, Vref calibration in eFuse, Coding Scheme None
Crystal frequency:  40MHz
MAC:                14:33:5c:99:1a:28

Uploading stub flasher...
Running stub flasher...
Stub flasher running.

Configuring flash size...
Flash will be erased from 0x00010000 to 0x0006bfff...
Compressed 376160 bytes to 199201...
Writing at 0x00010000 [                              ]   0.0% 0/199201 bytes... 
Writing at 0x0001fdbd [=>                            ]   8.2% 16384/199201 bytes... 
Writing at 0x00029e9d [===>                          ]  16.4% 32768/199201 bytes... 
Writing at 0x0002ffb9 [======>                       ]  24.7% 49152/199201 bytes... 
Writing at 0x000359fd [========>                     ]  32.9% 65536/199201 bytes... 
Writing at 0x0003c778 [===========>                  ]  41.1% 81920/199201 bytes... 
Writing at 0x00042526 [=============>                ]  49.3% 98304/199201 bytes... 
Writing at 0x00048026 [================>             ]  57.6% 114688/199201 bytes... 
Writing at 0x0004df0d [==================>           ]  65.8% 131072/199201 bytes... 
Writing at 0x00057950 [=====================>        ]  74.0% 147456/199201 bytes... 
Writing at 0x0005ec0d [=======================>      ]  82.2% 163840/199201 bytes... 
Writing at 0x00064526 [==========================>   ]  90.5% 180224/199201 bytes... 
Writing at 0x0006aac9 [============================> ]  98.7% 196608/199201 bytes... 
Writing at 0x0006bd60 [==============================] 100.0% 199201/199201 bytes... 
Wrote 376160 bytes (199201 compressed) at 0x00010000 in 19.5 seconds (154.2 kbit/s).
Hash of data verified.

Staying in flasher stub.
