ets Jul 29 2019 12:21:46

rst:0x1 (POWERON_RESET),boot:0x13 (SPI_FAST_FLASH_BOOT)
configsip: 271414342, SPIWP:0xee
clk_drv:0x00,q_drv:0x00,d_drv:0x00,cs0_drv:0x00,hd_drv:0x00,wp_drv:0x00
mode:DIO, clock div:2
load:0x3fff0030,len:6380
ho 0 tail 12 room 4
load:0x40078000,len:15916
load:0x40080400,len:3860
entry 0x40080638
I (30) boot: ESP-IDF 8c750b08 2nd stage bootloader
I (30) boot: compile time Sep 27 2026 15:39:07
I (30) boot: Multicore bootloader
I (31) boot: chip revision: v3.1
I (34) boot.esp32: SPI Speed      : 40MHz
I (38) boot.esp32: SPI Mode       : DIO
I (42) boot.esp32: SPI Flash Size : 8MB
I (45) boot: Enabling RNG early entropy source...
I (50) boot: Partition Table:
I (52) boot: ## Label            Usage          Type ST Offset   Length
I (59) boot:  0 nvs              WiFi data        01 02 00009000 00006000
I (65) boot:  1 phy_init         RF data          01 01 0000f000 00001000
I (72) boot:  2 factory          factory app      00 00 00010000 00100000
I (78) boot: End of partition table
I (81) esp_image: segment 0: paddr=00010020 vaddr=3f400020 size=15ba4h ( 88996) map
I (119) esp_image: segment 1: paddr=00025bcc vaddr=3ff80000 size=00020h (    32) load
I (120) esp_image: segment 2: paddr=00025bf4 vaddr=3ffb0000 size=02aa0h ( 10912) load
I (127) esp_image: segment 3: paddr=0002869c vaddr=40080000 size=0797ch ( 31100) load
I (143) esp_image: segment 4: paddr=00030020 vaddr=400d0020 size=2ea38h (191032) map
I (208) esp_image: segment 5: paddr=0005ea60 vaddr=4008797c size=0d2d8h ( 53976) load
I (240) boot: Loaded app from partition at offset 0x10000
I (240) boot: Disabling RNG early entropy source...
I (250) quad_psram: This chip is ESP32-PICO-V3-02
I (252) esp_psram: Found 2MB PSRAM device
I (252) esp_psram: Speed: 40MHz
I (252) esp_psram: PSRAM initialized, cache is in low/high (2-core) mode.
I (258) cpu_start: Multicore app
I (724) esp_psram: SPI SRAM memory test OK
I (732) cpu_start: Pro cpu start user code
I (732) cpu_start: cpu freq: 240000000 Hz
I (732) app_init: Application information:
I (732) app_init: Project name:     mark6_feather_display_bench
I (738) app_init: App version:      7474c07-dirty
I (742) app_init: Compile time:     Sep 27 2026 16:02:37
I (747) app_init: ELF file SHA256:  650077301...
I (752) app_init: ESP-IDF:          8c750b08
I (756) efuse_init: Min chip rev:     v0.0
I (759) efuse_init: Max chip rev:     v3.99 
I (763) efuse_init: Chip rev:         v3.1
I (768) heap_init: Initializing. RAM available for dynamic allocation:
I (774) heap_init: At 3FFAE6E0 len 00001920 (6 KiB): DRAM
I (779) heap_init: At 3FFBB538 len 00024AC8 (146 KiB): DRAM
I (784) heap_init: At 3FFE0440 len 00003AE0 (14 KiB): D/IRAM
I (789) heap_init: At 3FFE4350 len 0001BCB0 (111 KiB): D/IRAM
I (795) heap_init: At 40094C54 len 0000B3AC (44 KiB): IRAM
I (800) esp_psram: Adding pool of 2048K of PSRAM memory to heap allocator
I (808) spi_flash: detected chip: generic
I (810) spi_flash: flash io: dio
I (814) main_task: Started on CPU0
I (824) esp_psram: Reserving pool of 32K of internal memory for DMA/internal allocations
I (824) main_task: Calling app_main()
I (824) LCD_BENCH: LCD, QT rotary and read-only SD bench; no touch or radios
I (834) LCD_BENCH: Identity and capacities matched; LCD/SD control outputs enabled
I (834) SD_BENCH: READ_ONLY mount: SCK=14 MOSI=27 MISO=21 CS=25, shared SPI2 4MHz
I (884) SD_BENCH: CARD_RESET_DONE before initialization
I (884) sdspi_transaction: cmd=52, R1 response: command not supported
I (924) sdspi_transaction: cmd=5, R1 response: command not supported
Name: SD
Type: SDHC
Speed: 4.00 MHz (limit: 4.00 MHz)
Size: 14910MB
CSD: ver=2, sector_size=512, capacity=30535680 read_bl_len=9
SSR: bus_width=1
I (2124) DISPLAY: ST7796S SPI2 4MHz 320x480; write completed, visual check required
I (2294) DISPLAY: DRAW_COMPLETE: no display readback; visual confirmation required
W (2544) i2c.master: Please check pull-up resistances whether be connected properly. Otherwise unexpected behavior would happen. For more detailed information, please read docs
I (2584) ANO_BENCH: DETECTED address=0x49 product=5740 version=0x166c4a97
I (2654) SD_BENCH: FILE_OK 1/45 bytes=4563409 Creed/Human Clay/01-01 Are You Ready.mp3
I (2674) SD_BENCH: FILE_OK 2/45 bytes=5092956 Creed/Human Clay/01-02 What If.mp3
I (2684) SD_BENCH: FILE_OK 3/45 bytes=4156730 Creed/Human Clay/01-03 Beautiful.mp3
I (2704) SD_BENCH: FILE_OK 4/45 bytes=5052830 Creed/Human Clay/01-04 Say I.mp3
I (2724) SD_BENCH: FILE_OK 5/45 bytes=4152550 Creed/Human Clay/01-05 Wrong Way.mp3
I (2754) SD_BENCH: FILE_OK 6/45 bytes=4664968 Creed/Human Clay/01-07 Never Die.mp3
I (2774) SD_BENCH: FILE_OK 7/45 bytes=4400828 Creed/Human Clay/01-08 With Arms Wide Open.mp3
I (2794) SD_BENCH: FILE_OK 8/45 bytes=5070386 Creed/Human Clay/01-09 Higher.mp3
I (2824) SD_BENCH: FILE_OK 9/45 bytes=5831505 Creed/Human Clay/01-10 Wash Away Those Years.mp3
I (2854) SD_BENCH: FILE_OK 10/45 bytes=5582394 Creed/Human Clay/01-11 Inside Us All.mp3
I (2874) SD_BENCH: FILE_OK 11/45 bytes=4587652 Creed/Human Clay/01-12 Young Grow Old.mp3
I (2894) SD_BENCH: FILE_OK 12/45 bytes=4679504 Radiohead/In Rainbows/01 15 Step.mp3
I (2914) SD_BENCH: FILE_OK 13/45 bytes=4419813 Radiohead/In Rainbows/02 Bodysnatchers.mp3
I (2924) SD_BENCH: FILE_OK 14/45 bytes=5677443 Radiohead/In Rainbows/03 Nude.mp3
I (2944) SD_BENCH: FILE_OK 15/45 bytes=6662151 Radiohead/In Rainbows/04 Weird Fishes - Arpeggi.mp3
I (2964) SD_BENCH: FILE_OK 16/45 bytes=4406750 Radiohead/In Rainbows/05 All I Need.mp3
I (2994) SD_BENCH: FILE_OK 17/45 bytes=2676247 Radiohead/In Rainbows/06 Faust Arp.mp3
I (3014) SD_BENCH: FILE_OK 18/45 bytes=6794869 Radiohead/In Rainbows/07 Reckoner.mp3
I (3034) SD_BENCH: FILE_OK 19/45 bytes=6719988 Radiohead/In Rainbows/08 House Of Cards.mp3
I (3064) SD_BENCH: FILE_OK 20/45 bytes=5526763 Radiohead/In Rainbows/09 Jigsaw Falling Into Place.mp3
I (3084) SD_BENCH: FILE_OK 21/45 bytes=5568125 Radiohead/In Rainbows/10 Videotape.mp3
I (3104) SD_BENCH: FILE_OK 22/45 bytes=2774874 The Head and The Heart/The Head and the Heart/01 Cats and Dogs.mp3
I (3124) SD_BENCH: FILE_OK 23/45 bytes=6276327 The Head and The Heart/The Head and the Heart/02 Coeur d'Alene.mp3
I (3134) SD_BENCH: FILE_OK 24/45 bytes=6209244 The Head and The Heart/The Head and the Heart/03 Ghosts.mp3
I (3154) SD_BENCH: FILE_OK 25/45 bytes=7286325 The Head and The Heart/The Head and the Heart/04 Down in the Valley.mp3
I (3174) SD_BENCH: FILE_OK 26/45 bytes=6817375 The Head and The Heart/The Head and the Heart/05 Rivers and Roads.mp3
I (3204) SD_BENCH: FILE_OK 27/45 bytes=4833114 The Head and The Heart/The Head and the Heart/06 Honey Come Home.mp3
I (3224) SD_BENCH: FILE_OK 28/45 bytes=6220529 The Head and The Heart/The Head and the Heart/07 Lost in My Mind.mp3
I (3244) SD_BENCH: FILE_OK 29/45 bytes=3937218 The Head and The Heart/The Head and the Heart/08 Winter Song.mp3
I (3274) SD_BENCH: FILE_OK 30/45 bytes=4569172 The Head and The Heart/The Head and the Heart/09 Sounds Like Hallelujah.mp3
I (3294) SD_BENCH: FILE_OK 31/45 bytes=8170936 The Head and The Heart/The Head and the Heart/10 Heaven Go Easy on Me.mp3
I (3314) SD_BENCH: FILE_OK 32/45 bytes=3216893 Third Eye Blind/Third Eye Blind/01-01 Losing A Whole Year.mp3
I (3334) SD_BENCH: FILE_OK 33/45 bytes=3662428 Third Eye Blind/Third Eye Blind/01-02 Narcolepsy.mp3
I (3364) SD_BENCH: FILE_OK 34/45 bytes=4303978 Third Eye Blind/Third Eye Blind/01-03 Semi-Charmed Life.mp3
I (3384) SD_BENCH: FILE_OK 35/45 bytes=4372931 Third Eye Blind/Third Eye Blind/01-04 Jumper.mp3
I (3404) SD_BENCH: FILE_OK 36/45 bytes=3041339 Third Eye Blind/Third Eye Blind/01-05 Graduate.mp3
I (3434) SD_BENCH: FILE_OK 37/45 bytes=4063679 Third Eye Blind/Third Eye Blind/01-06 How's It Going To Be.mp3
I (3464) SD_BENCH: FILE_OK 38/45 bytes=4766260 Third Eye Blind/Third Eye Blind/01-07 Thanks A Lot.mp3
I (3484) SD_BENCH: FILE_OK 39/45 bytes=2880845 Third Eye Blind/Third Eye Blind/01-08 Burning Man.mp3
I (3514) SD_BENCH: FILE_OK 40/45 bytes=3715929 Third Eye Blind/Third Eye Blind/01-09 Good For You.mp3
I (3554) SD_BENCH: FILE_OK 41/45 bytes=2996616 Third Eye Blind/Third Eye Blind/01-10 London.mp3
I (3584) SD_BENCH: FILE_OK 42/45 bytes=4313600 Third Eye Blind/Third Eye Blind/01-11 I Want You.mp3
I (3614) SD_BENCH: FILE_OK 43/45 bytes=4753307 Third Eye Blind/Third Eye Blind/01-12 The Background.mp3
I (3644) SD_BENCH: FILE_OK 44/45 bytes=4206612 Third Eye Blind/Third Eye Blind/01-13 Motorcycle Drive By.mp3
I (3684) SD_BENCH: FILE_OK 45/45 bytes=5086417 Third Eye Blind/Third Eye Blind/01-14 God Of Wine.mp3
I (3684) SD_BENCH: PLAYLIST_PASS: all 45 paths, sizes and first 512 bytes readable
I (3814) ANO_BENCH: POSITION=0 delta=0
I (3834) ANO_BENCH: CENTER released count=0
I (3854) ANO_BENCH: UP released count=0
I (3874) ANO_BENCH: LEFT released count=0
I (3894) ANO_BENCH: DOWN released count=0
I (3914) ANO_BENCH: RIGHT released count=0
I (3934) ANO_BENCH: READY_FOR_INPUT
I (23264) ANO_BENCH: Input polling active
I (30884) SD_BENCH: SD_VERIFY_PASS: 45 tracks; first song 4563409 bytes SHA256=0a1019a3cf019f9462a477f2fd977b5ec0de82f470e1c0fa8ec26403dd0cec0a
